[
  [
    "-facebook-likeButton-",
    [
      53712
    ]
  ],
  [
    "-facebook-share.",
    [
      53713
    ]
  ],
  [
    "-facebook-widget.",
    [
      53714
    ]
  ],
  [
    "-follow-icon-",
    [
      53715
    ]
  ],
  [
    "-follow-icons.",
    [
      53716
    ]
  ],
  [
    "-follow-us-icons.",
    [
      53717
    ]
  ],
  [
    "-followicons.",
    [
      53718
    ]
  ],
  [
    "-share-bar/$~stylesheet",
    [
      53719
    ]
  ],
  [
    "-share-buttons2.",
    [
      53720
    ]
  ],
  [
    "-share-buttons3/$~stylesheet",
    [
      53721
    ]
  ],
  [
    "-share-sprite-",
    [
      53722
    ]
  ],
  [
    "-share-sprite.",
    [
      53723
    ]
  ],
  [
    "-share-tools-",
    [
      53724
    ]
  ],
  [
    "-sharebar-",
    [
      53725
    ]
  ],
  [
    "-sharebar.",
    [
      53726
    ]
  ],
  [
    "-ShareButton2.",
    [
      53727
    ]
  ],
  [
    "-sharebuttons_",
    [
      53728
    ]
  ],
  [
    "-sharetools-",
    [
      53729
    ]
  ],
  [
    "-shareWidget.",
    [
      53730
    ]
  ],
  [
    "-slide-social-",
    [
      53731
    ]
  ],
  [
    "-social-panel.",
    [
      53732
    ]
  ],
  [
    "-social-panel/",
    [
      53733
    ]
  ],
  [
    "-social-sidebar.",
    [
      53734
    ]
  ],
  [
    "-Social-Sidebar/",
    [
      53735
    ]
  ],
  [
    "-social-slider/",
    [
      53736
    ]
  ],
  [
    "-sprite-social-",
    [
      53737
    ]
  ],
  [
    ".fbshare.js",
    [
      53738
    ]
  ],
  [
    ".sharebar.js",
    [
      53739
    ]
  ],
  [
    ".sharing.js",
    [
      53740
    ]
  ],
  [
    "/a2a_share_",
    [
      53741
    ]
  ],
  [
    "/accesspress-social-counter/*",
    [
      53742
    ]
  ],
  [
    "/add-mymsn2.gif",
    [
      53743
    ]
  ],
  [
    "/addthis_widget.js",
    [
      53744
    ]
  ],
  [
    "/addtoany.min.js",
    [
      53745
    ]
  ],
  [
    "/advanced-social-widget.js",
    [
      53746
    ]
  ],
  [
    "/article-social/*",
    [
      53747
    ]
  ],
  [
    "/ashare.js",
    [
      53748
    ]
  ],
  [
    "/ayoshare.js",
    [
      53749
    ]
  ],
  [
    "/badge_twitter.jpg",
    [
      53750
    ]
  ],
  [
    "/badge_twitter.png",
    [
      53751
    ]
  ],
  [
    "/banner-social.jpg",
    [
      53752
    ]
  ],
  [
    "/banner-social.png",
    [
      53753
    ]
  ],
  [
    "/banner/social/*",
    [
      53754
    ]
  ],
  [
    "/bottom-facebook.jpg",
    [
      53755
    ]
  ],
  [
    "/bottom-facebook.png",
    [
      53756
    ]
  ],
  [
    "/bottom-twitter.jpg",
    [
      53757
    ]
  ],
  [
    "/bottom-twitter.png",
    [
      53758
    ]
  ],
  [
    "/button_share.png",
    [
      53759
    ]
  ],
  [
    "/cevhershare.js",
    [
      53760
    ]
  ],
  [
    "/common/sns/*",
    [
      53761
    ]
  ],
  [
    "/common/sns_",
    [
      53762
    ]
  ],
  [
    "/commons/social/*",
    [
      53763
    ]
  ],
  [
    "/commonSprites/social/*",
    [
      53764
    ]
  ],
  [
    "/cool-share/plugin.js",
    [
      53765
    ]
  ],
  [
    "/diggdigg-floating-bar.js",
    [
      53766
    ]
  ],
  [
    "/ej-socialslider/static/slideout.js",
    [
      53767
    ]
  ],
  [
    "/facebook-page-promoter-lightbox/includes/launch/launch.min.js",
    [
      53768
    ]
  ],
  [
    "/facebook-pagelike-widget/fb.js",
    [
      53769
    ]
  ],
  [
    "/facebook-popup-",
    [
      53770
    ]
  ],
  [
    "/facebook-side.jpg",
    [
      53771
    ]
  ],
  [
    "/facebook-side.png",
    [
      53772
    ]
  ],
  [
    "/facebook-vertical.png",
    [
      53773
    ]
  ],
  [
    "/facebook-vertical.svg",
    [
      53774
    ]
  ],
  [
    "/facebook_badge.gif",
    [
      53775
    ]
  ],
  [
    "/facebook_badge.jpg",
    [
      53776
    ]
  ],
  [
    "/facebook_badge.png",
    [
      53777
    ]
  ],
  [
    "/facebook_footer.png",
    [
      53778
    ]
  ],
  [
    "/facebook_footer.svg",
    [
      53779
    ]
  ],
  [
    "/facebook_like_button.png",
    [
      53780
    ]
  ],
  [
    "/facebook_sidebar.jpg",
    [
      53781
    ]
  ],
  [
    "/facebook_sidebar.png",
    [
      53782
    ]
  ],
  [
    "/facebook_sidebar.svg",
    [
      53783
    ]
  ],
  [
    "/facebook_social.png",
    [
      53784
    ]
  ],
  [
    "/facebook_top_icon.png",
    [
      53785
    ]
  ],
  [
    "/facebookbadge.gif",
    [
      53786
    ]
  ],
  [
    "/facebookbadge.jpg",
    [
      53787
    ]
  ],
  [
    "/facebookbadge.png",
    [
      53788
    ]
  ],
  [
    "/facebookBtmIcon.gif",
    [
      53789
    ]
  ],
  [
    "/facebookHeader.png",
    [
      53790
    ]
  ],
  [
    "/facebooksharebutton.png",
    [
      53791
    ]
  ],
  [
    "/facebooksocialplugins.js",
    [
      53792
    ]
  ],
  [
    "/facebooksquare.jpg",
    [
      53793
    ]
  ],
  [
    "/facebooksquare.png",
    [
      53794
    ]
  ],
  [
    "/facebooktrafficdriver.min.js",
    [
      53795
    ]
  ],
  [
    "/facebookwidget.js",
    [
      53796
    ]
  ],
  [
    "/fb-like-pop.js",
    [
      53797
    ]
  ],
  [
    "/fb-pixel.js",
    [
      53798
    ]
  ],
  [
    "/fb-traffic-pop.css",
    [
      53799
    ]
  ],
  [
    "/fb-traffic-pop.min.js",
    [
      53800
    ]
  ],
  [
    "/fb-widget.jpg",
    [
      53801
    ]
  ],
  [
    "/fb-widget.js",
    [
      53802
    ]
  ],
  [
    "/fb-widget.png",
    [
      53803
    ]
  ],
  [
    "/fb_modeles.css",
    [
      53804
    ]
  ],
  [
    "/fb_side.jpg",
    [
      53805
    ]
  ],
  [
    "/fb_side.png",
    [
      53806
    ]
  ],
  [
    "/fbfooter.png",
    [
      53807
    ]
  ],
  [
    "/fbfooter.svg",
    [
      53808
    ]
  ],
  [
    "/fbpop.js",
    [
      53809
    ]
  ],
  [
    "/fbshare.jpg",
    [
      53810
    ]
  ],
  [
    "/fbshare.js",
    [
      53811
    ]
  ],
  [
    "/fbshare.png",
    [
      53812
    ]
  ],
  [
    "/fbshare2.jpg",
    [
      53813
    ]
  ],
  [
    "/fbshare2.png",
    [
      53814
    ]
  ],
  [
    "/floating-social-bar/js/fsb.js",
    [
      53815
    ]
  ],
  [
    "/floating-wpp.min.js",
    [
      53816
    ]
  ],
  [
    "/flw-twitter.png",
    [
      53817
    ]
  ],
  [
    "/follow-linkedin.jpg",
    [
      53818
    ]
  ],
  [
    "/follow-twitter-",
    [
      53819
    ]
  ],
  [
    "/follow-twitter.",
    [
      53820
    ]
  ],
  [
    "/follow-us.$~stylesheet",
    [
      53821
    ]
  ],
  [
    "/follow-widget.js",
    [
      53822
    ]
  ],
  [
    "/follow_instagram.png",
    [
      53823
    ]
  ],
  [
    "/followusontwitter.jpg",
    [
      53824
    ]
  ],
  [
    "/followusontwitter.png",
    [
      53825
    ]
  ],
  [
    "/gadgets/Social/*",
    [
      53826
    ]
  ],
  [
    "/gallery/social/*$image",
    [
      53827
    ]
  ],
  [
    "/gen-share-master/assets/js/frontend/application.min.js",
    [
      53828
    ]
  ],
  [
    "/gfx/socials/*",
    [
      53829
    ]
  ],
  [
    "/gigya-socialize-for-wordpress/*$~script,~stylesheet",
    [
      53830
    ]
  ],
  [
    "/gm-button-social.min.js",
    [
      53831
    ]
  ],
  [
    "/graphics/share/*",
    [
      53832
    ]
  ],
  [
    "/Handlers/Sharrre.ashx?",
    [
      53833
    ]
  ],
  [
    "/header_socials.png",
    [
      53834
    ]
  ],
  [
    "/highlight-and-share.js",
    [
      53835
    ]
  ],
  [
    "/icon_share_",
    [
      53836
    ]
  ],
  [
    "/icon_sns_",
    [
      53837
    ]
  ],
  [
    "/itpsocialbuttons/images/*",
    [
      53838
    ]
  ],
  [
    "/itpsocialbuttons/style.css",
    [
      53839
    ]
  ],
  [
    "/Javascripts/Social.js",
    [
      53840
    ]
  ],
  [
    "/jiathis_share.css",
    [
      53841
    ]
  ],
  [
    "/jinda-facebook-lightbox/public/*",
    [
      53842
    ]
  ],
  [
    "/jquery-pin-it-button-for-images/js/jpibfi.client.js",
    [
      53843
    ]
  ],
  [
    "/jquery.shareaholic-publishers-sb.min.js",
    [
      53844
    ]
  ],
  [
    "/jquery.sharecount.min.js",
    [
      53845
    ]
  ],
  [
    "/jquery.stp.min.js",
    [
      53846
    ]
  ],
  [
    "/juiz-social-post-sharer-2.min.css",
    [
      53847
    ]
  ],
  [
    "/juiz-social-post-sharer-6.min.css",
    [
      53848
    ]
  ],
  [
    "/juiz-social-post-sharer.min.js",
    [
      53849
    ]
  ],
  [
    "/lg-share.js",
    [
      53850
    ]
  ],
  [
    "/like_button.js",
    [
      53851
    ]
  ],
  [
    "/like_button.png",
    [
      53852
    ]
  ],
  [
    "/likebox.php",
    [
      53853
    ]
  ],
  [
    "/likefacebook.jpg",
    [
      53854
    ]
  ],
  [
    "/likefacebook.png",
    [
      53855
    ]
  ],
  [
    "/likegate.js",
    [
      53856
    ]
  ],
  [
    "/likesScript.js",
    [
      53857
    ]
  ],
  [
    "/mod_socialmedialinks/icons/*",
    [
      53858
    ]
  ],
  [
    "/mod_socialmedialinks/style.css",
    [
      53859
    ]
  ],
  [
    "/mod_socialslider/tmpl/*",
    [
      53860
    ]
  ],
  [
    "/myshare/assets/js/*",
    [
      53861
    ]
  ],
  [
    "/needsharebutton.js",
    [
      53862
    ]
  ],
  [
    "/needsharebutton.min.css",
    [
      53863
    ]
  ],
  [
    "/o3-social-share-styles.css",
    [
      53864
    ]
  ],
  [
    "/oss_share.js",
    [
      53865
    ]
  ],
  [
    "/overlayShare.js",
    [
      53866
    ]
  ],
  [
    "/pandalocker.$script",
    [
      53867
    ]
  ],
  [
    "/pin_it_button.png",
    [
      53868
    ]
  ],
  [
    "/pinit-button.png",
    [
      53869
    ]
  ],
  [
    "/pinit.html?",
    [
      53870
    ]
  ],
  [
    "/pinterest-footer-icon.png",
    [
      53871
    ]
  ],
  [
    "/pinterest-footer-icon.svg",
    [
      53872
    ]
  ],
  [
    "/pinterest-footer-svg.ashx",
    [
      53873
    ]
  ],
  [
    "/pinterest-footer.ashx",
    [
      53874
    ]
  ],
  [
    "/pinterest-for-woocommerce-save-button.min.js",
    [
      53875
    ]
  ],
  [
    "/pinterest-for-woocommerce-tracking.min.js",
    [
      53876
    ]
  ],
  [
    "/pinterest-over.jpg",
    [
      53877
    ]
  ],
  [
    "/pinterest-over.png",
    [
      53878
    ]
  ],
  [
    "/pinterest_tag.js",
    [
      53879
    ]
  ],
  [
    "/pintrest-button.png",
    [
      53880
    ]
  ],
  [
    "/plugins/add-to-any-subscribe/subscribe_",
    [
      53881
    ]
  ],
  [
    "/plugins/add-to-any/addtoany.min.js",
    [
      53882
    ]
  ],
  [
    "/plugins/anmiated-twitter-bird/js/tripleflap.js",
    [
      53883
    ]
  ],
  [
    "/plugins/bookmarkify/*",
    [
      53884
    ]
  ],
  [
    "/plugins/delicious-bookmark-button/delit.js",
    [
      53885
    ]
  ],
  [
    "/plugins/dpSocialShare/js/jquery.dpSocialShare.js",
    [
      53886
    ]
  ],
  [
    "/plugins/easy-facebook-likebox/*",
    [
      53887
    ]
  ],
  [
    "/plugins/easy-twitter-feeds/public/js/widget.js",
    [
      53888
    ]
  ],
  [
    "/plugins/facebook-button-plugin/js/script.js",
    [
      53889
    ]
  ],
  [
    "/plugins/facebook-fanbox-popup/assets/js/spu.js",
    [
      53890
    ]
  ],
  [
    "/plugins/facebook-like-content-locker/js/pop.js",
    [
      53891
    ]
  ],
  [
    "/plugins/facebook-page-promoter-$~stylesheet",
    [
      53892
    ]
  ],
  [
    "/plugins/facebookpopuppro/js/facebookpopup.js",
    [
      53893
    ]
  ],
  [
    "/plugins/getsocial/lib/getsocial.js",
    [
      53894
    ]
  ],
  [
    "/plugins/knxdt-bookmarks-wordpress-plugin/css/style.css",
    [
      53895
    ]
  ],
  [
    "/plugins/light-social/*$~stylesheet",
    [
      53896
    ]
  ],
  [
    "/plugins/like-box-pro/includes/javascript/front_end_js.js",
    [
      53897
    ]
  ],
  [
    "/plugins/like-fb/js/popup.js",
    [
      53898
    ]
  ],
  [
    "/plugins/mashsharer/assets/js/mashsb.min.js",
    [
      53899
    ]
  ],
  [
    "/plugins/osd-social-media-sharing/includes/style.css",
    [
      53900
    ]
  ],
  [
    "/plugins/pinterest-pin-it-button-on-image-hover-and-post/js/pinit.js",
    [
      53901
    ]
  ],
  [
    "/plugins/rtsocial/js/rtss-main.js",
    [
      53902
    ]
  ],
  [
    "/plugins/share-and-follow/*$image",
    [
      53903
    ]
  ],
  [
    "/plugins/share-social/icons/*$image",
    [
      53904
    ]
  ],
  [
    "/plugins/simple-social-sharing-widgets-icons/*$~stylesheet",
    [
      53905
    ]
  ],
  [
    "/plugins/slick-social-share-buttons/*",
    [
      53906
    ]
  ],
  [
    "/plugins/slide-in/js/wdsi.js",
    [
      53907
    ]
  ],
  [
    "/plugins/sme-facebook-likebox-sidebar/*",
    [
      53908
    ]
  ],
  [
    "/plugins/sociable-re/images/*",
    [
      53909
    ]
  ],
  [
    "/plugins/sociable/*$~stylesheet",
    [
      53910
    ]
  ],
  [
    "/plugins/social-media-widget/*$image",
    [
      53911
    ]
  ],
  [
    "/plugins/social-profiles-widget/*$image",
    [
      53912
    ]
  ],
  [
    "/plugins/socialbox/assets/*",
    [
      53913
    ]
  ],
  [
    "/plugins/socialfans-counter/assets/js/socialfans-script.js",
    [
      53914
    ]
  ],
  [
    "/plugins/socialgrid/static/img/*",
    [
      53915
    ]
  ],
  [
    "/plugins/StickySocialBar/js/sharefront.js",
    [
      53916
    ]
  ],
  [
    "/plugins/subscribe-connect-follow-widget/images/*",
    [
      53917
    ]
  ],
  [
    "/plugins/tweet-this/icons/*",
    [
      53918
    ]
  ],
  [
    "/plugins/tweetmeme/button.js",
    [
      53919
    ]
  ],
  [
    "/plugins/ultimate-follow-me/*",
    [
      53920
    ]
  ],
  [
    "/plugins/ultimate-social-deux/public/assets/js/min/us.script-min.js",
    [
      53921
    ]
  ],
  [
    "/plugins/viperbar/client/js/front.js",
    [
      53922
    ]
  ],
  [
    "/plugins/wordpress-social-ring/*",
    [
      53923
    ]
  ],
  [
    "/plugins/wp-plus-one/wp-plus-one.js",
    [
      53924
    ]
  ],
  [
    "/plugins/wp-social-toolbar-pro/js/corescripts.js",
    [
      53925
    ]
  ],
  [
    "/plugins/wp-tweet-button/tweetn.png",
    [
      53926
    ]
  ],
  [
    "/prisna-social-counter.css",
    [
      53927
    ]
  ],
  [
    "/qa-social-share.css",
    [
      53928
    ]
  ],
  [
    "/Resources/twitter-$~xmlhttprequest",
    [
      53929
    ]
  ],
  [
    "/rrshare.js",
    [
      53930
    ]
  ],
  [
    "/s9-social-sharing-front.css",
    [
      53931
    ]
  ],
  [
    "/scrollShareMenu.html",
    [
      53932
    ]
  ],
  [
    "/share-bar-1.min.js",
    [
      53933
    ]
  ],
  [
    "/share-bar/build/index.js",
    [
      53934
    ]
  ],
  [
    "/share-bar/share-bar.js",
    [
      53935
    ]
  ],
  [
    "/share-button?",
    [
      53936
    ]
  ],
  [
    "/share-controller.js",
    [
      53937
    ]
  ],
  [
    "/share-controller.min.js",
    [
      53938
    ]
  ],
  [
    "/share-leadoff-public.js",
    [
      53939
    ]
  ],
  [
    "/share-on-diaspora-css.php",
    [
      53940
    ]
  ],
  [
    "/share.php?buttons=",
    [
      53941
    ]
  ],
  [
    "/share/count?",
    [
      53942
    ]
  ],
  [
    "/share/footer/*",
    [
      53943
    ]
  ],
  [
    "/share/frame/*",
    [
      53944
    ]
  ],
  [
    "/share42.js",
    [
      53945
    ]
  ],
  [
    "/share_button?",
    [
      53946
    ]
  ],
  [
    "/share_count.js",
    [
      53947
    ]
  ],
  [
    "/share_iframe.js",
    [
      53948
    ]
  ],
  [
    "/share_popup.js",
    [
      53949
    ]
  ],
  [
    "/share_sprite.png",
    [
      53950
    ]
  ],
  [
    "/share_toolbar.js",
    [
      53951
    ]
  ],
  [
    "/share_view.js",
    [
      53952
    ]
  ],
  [
    "/share_wechat.jpg",
    [
      53953
    ]
  ],
  [
    "/share_wechat.png",
    [
      53954
    ]
  ],
  [
    "/share_weibo.jpg",
    [
      53955
    ]
  ],
  [
    "/share_weibo.png",
    [
      53956
    ]
  ],
  [
    "/shareaholic.js",
    [
      53957
    ]
  ],
  [
    "/shareArrow.png",
    [
      53958
    ]
  ],
  [
    "/sharebar.js",
    [
      53959
    ]
  ],
  [
    "/shareBar/*",
    [
      53960
    ]
  ],
  [
    "/sharebars/*",
    [
      53961
    ]
  ],
  [
    "/shareBtn_",
    [
      53962
    ]
  ],
  [
    "/sharebutton?",
    [
      53963
    ]
  ],
  [
    "/sharecount/*",
    [
      53964
    ]
  ],
  [
    "/sharecounter?",
    [
      53965
    ]
  ],
  [
    "/sharecounts/*",
    [
      53966
    ]
  ],
  [
    "/shared-social-",
    [
      53967
    ]
  ],
  [
    "/shared/btn_",
    [
      53968
    ]
  ],
  [
    "/shared/social/*",
    [
      53969
    ]
  ],
  [
    "/sharedaddy.js",
    [
      53970
    ]
  ],
  [
    "/sharedaddy/sharing.min.js",
    [
      53971
    ]
  ],
  [
    "/shareFacebook.jpg",
    [
      53972
    ]
  ],
  [
    "/shareFacebook.png",
    [
      53973
    ]
  ],
  [
    "/Sharefb.jpg",
    [
      53974
    ]
  ],
  [
    "/Sharefb.png",
    [
      53975
    ]
  ],
  [
    "/sharefb_icon.png",
    [
      53976
    ]
  ],
  [
    "/shareicon-",
    [
      53977
    ]
  ],
  [
    "/shareIcons.$~stylesheet",
    [
      53978
    ]
  ],
  [
    "/shareit.js",
    [
      53979
    ]
  ],
  [
    "/shareit_",
    [
      53980
    ]
  ],
  [
    "/shareon.iife.js",
    [
      53981
    ]
  ],
  [
    "/shareon.min.css",
    [
      53982
    ]
  ],
  [
    "/sharer.js",
    [
      53983
    ]
  ],
  [
    "/shares/batch?",
    [
      53984
    ]
  ],
  [
    "/sharestats.cache.php?",
    [
      53985
    ]
  ],
  [
    "/sharethis-buttons.js",
    [
      53986
    ]
  ],
  [
    "/sharethis.js",
    [
      53987
    ]
  ],
  [
    "/shareThisIcons.png",
    [
      53988
    ]
  ],
  [
    "/sharetool.php?",
    [
      53989
    ]
  ],
  [
    "/shareTools.js",
    [
      53990
    ]
  ],
  [
    "/shareTT.js",
    [
      53991
    ]
  ],
  [
    "/Sharetw.png",
    [
      53992
    ]
  ],
  [
    "/sharetw_icon.png",
    [
      53993
    ]
  ],
  [
    "/shareTwitter.jpg",
    [
      53994
    ]
  ],
  [
    "/shareTwitter.png",
    [
      53995
    ]
  ],
  [
    "/shariff.complete.js",
    [
      53996
    ]
  ],
  [
    "/shariff.min.js",
    [
      53997
    ]
  ],
  [
    "/sharing-buttons.",
    [
      53998
    ]
  ],
  [
    "/sharing/sprites/*",
    [
      53999
    ]
  ],
  [
    "/sharing_icons/*",
    [
      54000
    ]
  ],
  [
    "/SharingBar/*",
    [
      54001
    ]
  ],
  [
    "/shr_btn_",
    [
      54002
    ]
  ],
  [
    "/shrMain.min.js",
    [
      54003
    ]
  ],
  [
    "/sidebar-facebook-",
    [
      54004
    ]
  ],
  [
    "/sidebar-follow.",
    [
      54005
    ]
  ],
  [
    "/sidebar-pinterest-",
    [
      54006
    ]
  ],
  [
    "/sidebar-social.",
    [
      54007
    ]
  ],
  [
    "/sidebar-twitter.",
    [
      54008
    ]
  ],
  [
    "/sidebar/social/*",
    [
      54009
    ]
  ],
  [
    "/sidebar_facebook.png",
    [
      54010
    ]
  ],
  [
    "/sidebar_twitter.png",
    [
      54011
    ]
  ],
  [
    "/silicon-counters.js",
    [
      54012
    ]
  ],
  [
    "/simple-share-$~stylesheet",
    [
      54013
    ]
  ],
  [
    "/simple-social-sharing/*$image",
    [
      54014
    ]
  ],
  [
    "/simpleshare.js",
    [
      54015
    ]
  ],
  [
    "/site/share/*",
    [
      54016
    ]
  ],
  [
    "/skm/assets/share/*",
    [
      54017
    ]
  ],
  [
    "/sm-share-",
    [
      54018
    ]
  ],
  [
    "/sm-youtube-",
    [
      54019
    ]
  ],
  [
    "/sm_share_",
    [
      54020
    ]
  ],
  [
    "/sme-facebook-$image",
    [
      54021
    ]
  ],
  [
    "/sn_share_",
    [
      54022
    ]
  ],
  [
    "/sns_naverband.",
    [
      54023
    ]
  ],
  [
    "/snstoolbar.",
    [
      54024
    ]
  ],
  [
    "/soc_bottom_",
    [
      54025
    ]
  ],
  [
    "/soc_facebook2.",
    [
      54026
    ]
  ],
  [
    "/socbutton/*",
    [
      54027
    ]
  ],
  [
    "/sociables/*",
    [
      54028
    ]
  ],
  [
    "/social-bar.",
    [
      54029
    ]
  ],
  [
    "/social-footer.jpg",
    [
      54030
    ]
  ],
  [
    "/social-footer.png",
    [
      54031
    ]
  ],
  [
    "/social-popup/*",
    [
      54032
    ]
  ],
  [
    "/social-proof-testimonials-slider/admin/js/slick-block-editor.js",
    [
      54033
    ]
  ],
  [
    "/Social-Sidebar.js",
    [
      54034
    ]
  ],
  [
    "/social-twit.png",
    [
      54035
    ]
  ],
  [
    "/social-twit.svg",
    [
      54036
    ]
  ],
  [
    "/social-url-generator.js",
    [
      54037
    ]
  ],
  [
    "/social-url-generator.minc.js",
    [
      54038
    ]
  ],
  [
    "/social-widgets-",
    [
      54039
    ]
  ],
  [
    "/social/sprite-",
    [
      54040
    ]
  ],
  [
    "/social2s.min.js",
    [
      54041
    ]
  ],
  [
    "/social_balloon-",
    [
      54042
    ]
  ],
  [
    "/social_black/*",
    [
      54043
    ]
  ],
  [
    "/social_bookmarking.png",
    [
      54044
    ]
  ],
  [
    "/social_bookmarking/*$image",
    [
      54045
    ]
  ],
  [
    "/social_bookmarks/*",
    [
      54046
    ]
  ],
  [
    "/social_footer.",
    [
      54047
    ]
  ],
  [
    "/social_header.",
    [
      54048
    ]
  ],
  [
    "/social_headers.",
    [
      54049
    ]
  ],
  [
    "/social_hovers.",
    [
      54050
    ]
  ],
  [
    "/social_hub/*",
    [
      54051
    ]
  ],
  [
    "/social_popup.",
    [
      54052
    ]
  ],
  [
    "/social_subscribe_",
    [
      54053
    ]
  ],
  [
    "/social_tools.",
    [
      54054
    ]
  ],
  [
    "/social_tube-",
    [
      54055
    ]
  ],
  [
    "/social_widget.$~stylesheet",
    [
      54056
    ]
  ],
  [
    "/social_widget/*",
    [
      54057
    ]
  ],
  [
    "/social_widget?",
    [
      54058
    ]
  ],
  [
    "/socialappsintegrator.",
    [
      54059
    ]
  ],
  [
    "/socialbadges.",
    [
      54060
    ]
  ],
  [
    "/socialbar-",
    [
      54061
    ]
  ],
  [
    "/socialbar.$~stylesheet",
    [
      54062
    ]
  ],
  [
    "/socialbar_",
    [
      54063
    ]
  ],
  [
    "/socialBarSprite.",
    [
      54064
    ]
  ],
  [
    "/SocialBookmark/*",
    [
      54065
    ]
  ],
  [
    "/socialbookmarkerbot_images/*",
    [
      54066
    ]
  ],
  [
    "/socialbookmarks.",
    [
      54067
    ]
  ],
  [
    "/socialbookmarks/*",
    [
      54068
    ]
  ],
  [
    "/socialcount.js",
    [
      54069
    ]
  ],
  [
    "/socialcount.min.js",
    [
      54070
    ]
  ],
  [
    "/socialcounters/*",
    [
      54071
    ]
  ],
  [
    "/socialcounts/*$script",
    [
      54072
    ]
  ],
  [
    "/socialCounts?",
    [
      54073
    ]
  ],
  [
    "/socialfacebookdark.",
    [
      54074
    ]
  ],
  [
    "/socialfooter.",
    [
      54075
    ]
  ],
  [
    "/socialFooterSprite.",
    [
      54076
    ]
  ],
  [
    "/socialgoogledark.",
    [
      54077
    ]
  ],
  [
    "/socialhomesprite2.",
    [
      54078
    ]
  ],
  [
    "/socialite.js",
    [
      54079
    ]
  ],
  [
    "/socialite.min.js",
    [
      54080
    ]
  ],
  [
    "/socialize/*$~stylesheet",
    [
      54081
    ]
  ],
  [
    "/sociallocker-",
    [
      54082
    ]
  ],
  [
    "/socialmediabuttons.",
    [
      54083
    ]
  ],
  [
    "/SocialMediaLink/*",
    [
      54084
    ]
  ],
  [
    "/socialmediasprite.png",
    [
      54085
    ]
  ],
  [
    "/socialnetwork-buttons/*",
    [
      54086
    ]
  ],
  [
    "/socialplugins/*",
    [
      54087
    ]
  ],
  [
    "/SocialSharePlugin.js",
    [
      54088
    ]
  ],
  [
    "/SocialSharePlugin.png",
    [
      54089
    ]
  ],
  [
    "/socialshares.js",
    [
      54090
    ]
  ],
  [
    "/socialsite/*",
    [
      54091
    ]
  ],
  [
    "/socialSmall/*",
    [
      54092
    ]
  ],
  [
    "/SocialSprite.",
    [
      54093
    ]
  ],
  [
    "/socialsprites.",
    [
      54094
    ]
  ],
  [
    "/socialstat?",
    [
      54095
    ]
  ],
  [
    "/socialtwitter1.png",
    [
      54096
    ]
  ],
  [
    "/socialwd/*",
    [
      54097
    ]
  ],
  [
    "/sociofluid/*$~script,~stylesheet",
    [
      54098
    ]
  ],
  [
    "/squaresocial-",
    [
      54099
    ]
  ],
  [
    "/stocktwits_share.png",
    [
      54100
    ]
  ],
  [
    "/synved-social/image/*",
    [
      54101
    ]
  ],
  [
    "/tabs/social/*",
    [
      54102
    ]
  ],
  [
    "/tarful-share-public.js",
    [
      54103
    ]
  ],
  [
    "/tools/newSideShare/*",
    [
      54104
    ]
  ],
  [
    "/tweet_footer.png",
    [
      54105
    ]
  ],
  [
    "/twfooter.png",
    [
      54106
    ]
  ],
  [
    "/twitbadge.jpg",
    [
      54107
    ]
  ],
  [
    "/twitter-follow-",
    [
      54108
    ]
  ],
  [
    "/twitter-footer-",
    [
      54109
    ]
  ],
  [
    "/twitter-v2.jpg",
    [
      54110
    ]
  ],
  [
    "/twitter-v2.png",
    [
      54111
    ]
  ],
  [
    "/twitter-widget.jpg",
    [
      54112
    ]
  ],
  [
    "/twitter-widget.png",
    [
      54113
    ]
  ],
  [
    "/twitter_badge.png",
    [
      54114
    ]
  ],
  [
    "/twitter_follow.jpg",
    [
      54115
    ]
  ],
  [
    "/twitter_follow.png",
    [
      54116
    ]
  ],
  [
    "/twitter_footer.jpg",
    [
      54117
    ]
  ],
  [
    "/twitter_footer.png",
    [
      54118
    ]
  ],
  [
    "/twitter_header.jpg",
    [
      54119
    ]
  ],
  [
    "/twitter_header.png",
    [
      54120
    ]
  ],
  [
    "/twitter_square.png",
    [
      54121
    ]
  ],
  [
    "/twitter_square.svg",
    [
      54122
    ]
  ],
  [
    "/twitterbadge.png",
    [
      54123
    ]
  ],
  [
    "/twitterfloat.js",
    [
      54124
    ]
  ],
  [
    "/twitterfollow.jpg",
    [
      54125
    ]
  ],
  [
    "/twitterfollow.png",
    [
      54126
    ]
  ],
  [
    "/twitterlib.js",
    [
      54127
    ]
  ],
  [
    "/twitteron.jpg",
    [
      54128
    ]
  ],
  [
    "/twitteron.png",
    [
      54129
    ]
  ],
  [
    "/twittersquare.png",
    [
      54130
    ]
  ],
  [
    "/videojs-share.js",
    [
      54131
    ]
  ],
  [
    "/viewboxTraffic_min.js",
    [
      54132
    ]
  ],
  [
    "/visual/social/*",
    [
      54133
    ]
  ],
  [
    "/vk_button.jpg",
    [
      54134
    ]
  ],
  [
    "/vk_button.png",
    [
      54135
    ]
  ],
  [
    "/weiboshare.html",
    [
      54136
    ]
  ],
  [
    "/whatsapp-button.js",
    [
      54137
    ]
  ],
  [
    "/whatsapp_button.php",
    [
      54138
    ]
  ],
  [
    "/whatsapp_icon.png",
    [
      54139
    ]
  ],
  [
    "/whatsappblogger.js",
    [
      54140
    ]
  ],
  [
    "/whatsappshare.jpg",
    [
      54141
    ]
  ],
  [
    "/whatsappshare.js",
    [
      54142
    ]
  ],
  [
    "/widget/share?",
    [
      54143
    ]
  ],
  [
    "/widget/share_",
    [
      54144
    ]
  ],
  [
    "/widgets/sharing-",
    [
      54145
    ]
  ],
  [
    "/widgets/socials/*",
    [
      54146
    ]
  ],
  [
    "/widgets/twitter/*",
    [
      54147
    ]
  ],
  [
    "/wordpress-popup/*$domain=ahchealthenews.com",
    [
      54148
    ]
  ],
  [
    "/wp-content/plugins/advanced-facebook-content-locker/*",
    [
      54149
    ]
  ],
  [
    "/wp-followme/*",
    [
      54150
    ]
  ],
  [
    "/wp-social-media-",
    [
      54151
    ]
  ],
  [
    "/wp-social-toolbar/*",
    [
      54152
    ]
  ],
  [
    "/xnapp/share/*",
    [
      54153
    ]
  ],
  [
    "/xsocial-icons.",
    [
      54154
    ]
  ],
  [
    "/xsocial_sprites_",
    [
      54155
    ]
  ],
  [
    "/ya-share.js",
    [
      54156
    ]
  ],
  [
    "_facebook_banner/",
    [
      54157
    ]
  ],
  [
    "_footer_share_",
    [
      54158
    ]
  ],
  [
    "_footer_socials.",
    [
      54159
    ]
  ],
  [
    "_footer_twitter.",
    [
      54160
    ]
  ],
  [
    "_header_share.",
    [
      54161
    ]
  ],
  [
    "_instagram_badge",
    [
      54162
    ]
  ],
  [
    "_instagram_hover.",
    [
      54163
    ]
  ],
  [
    "_mvsocialbuttons/",
    [
      54164
    ]
  ],
  [
    "_pinterest_square_",
    [
      54165
    ]
  ],
  [
    "_share_bookmark.",
    [
      54166
    ]
  ],
  [
    "_share_widget_",
    [
      54167
    ]
  ],
  [
    "_sharrre.php?",
    [
      54168
    ]
  ],
  [
    "_slideshare.",
    [
      54169
    ]
  ],
  [
    "_small_share.",
    [
      54170
    ]
  ],
  [
    "_sns-hatena.",
    [
      54171
    ]
  ],
  [
    "_sns_me2day.",
    [
      54172
    ]
  ],
  [
    "_social-bar/",
    [
      54173
    ]
  ],
  [
    "_social_badge_$~xmlhttprequest",
    [
      54174
    ]
  ],
  [
    "_social_bookmark/",
    [
      54175
    ]
  ],
  [
    "_social_bookmarks/",
    [
      54176
    ]
  ],
  [
    "_social_footer_",
    [
      54177
    ]
  ],
  [
    "_socialfancysliders/",
    [
      54178
    ]
  ],
  [
    "_socialmediabox_",
    [
      54179
    ]
  ],
  [
    "_socialtoggle.",
    [
      54180
    ]
  ],
  [
    "_sosyal_bar.",
    [
      54181
    ]
  ],
  [
    "_sp_social/",
    [
      54182
    ]
  ],
  [
    "_twitter_follow.",
    [
      54183
    ]
  ],
  [
    "/jquery.bpopup.$script,domain=telechargerunevideo.com",
    [
      54184
    ]
  ],
  [
    "/wp-content/plugins/videolock/*$script",
    [
      54185
    ]
  ],
  [
    "||addnow.com^$third-party",
    [
      54186
    ]
  ],
  [
    "||addthis.com^$third-party",
    [
      54187
    ]
  ],
  [
    "||addthiscdn.com^$domain=~addthis.com",
    [
      54188
    ]
  ],
  [
    "||addtoany.com^$third-party",
    [
      54189
    ]
  ],
  [
    "||assets.pinterest.com/js/pinit.js$third-party",
    [
      54190
    ]
  ],
  [
    "||assets.pinterest.com/pidget.html$third-party",
    [
      54191
    ]
  ],
  [
    "||b.hatena.ne.jp^$third-party",
    [
      54192
    ]
  ],
  [
    "||b.st-hatena.com/images/$image,third-party,domain=~b.hatena.ne.jp",
    [
      54193
    ]
  ],
  [
    "||b.st-hatena.com/js/$script,third-party,domain=~b.hatena.ne.jp",
    [
      54194
    ]
  ],
  [
    "||badge.facebook.com^$third-party",
    [
      54195
    ]
  ],
  [
    "||badges.instagram.com^$third-party",
    [
      54196
    ]
  ],
  [
    "||bloglovin.com/widget/$third-party",
    [
      54197
    ]
  ],
  [
    "||bshare.cn^$third-party",
    [
      54198
    ]
  ],
  [
    "||button-share.zalo.me^$third-party",
    [
      54199
    ]
  ],
  [
    "||button.like.co^$third-party",
    [
      54200
    ]
  ],
  [
    "||buttons.github.io/buttons.js$third-party",
    [
      54201
    ]
  ],
  [
    "||buttons.googlesyndication.com^$third-party",
    [
      54202
    ]
  ],
  [
    "||connect.ok.ru^$third-party",
    [
      54203
    ]
  ],
  [
    "||crowdynews.com^$third-party",
    [
      54204
    ]
  ],
  [
    "||dailymotion.com/badge/user/$third-party",
    [
      54205
    ]
  ],
  [
    "||digg.com^$script,subdocument,third-party",
    [
      54206
    ]
  ],
  [
    "||facebook.com/plugins/activity.php?$third-party",
    [
      54207
    ]
  ],
  [
    "||facebook.com/plugins/facepile.php?$third-party",
    [
      54208
    ]
  ],
  [
    "||facebook.com/plugins/fan.php?$third-party",
    [
      54209
    ]
  ],
  [
    "||facebook.com/plugins/follow.php$third-party",
    [
      54210
    ]
  ],
  [
    "||facebook.com/plugins/like.php?$third-party",
    [
      54211
    ]
  ],
  [
    "||facebook.com/plugins/like_box.php$third-party",
    [
      54212
    ]
  ],
  [
    "||facebook.com/plugins/likebox/$third-party",
    [
      54213
    ]
  ],
  [
    "||facebook.com/plugins/page.php?$third-party",
    [
      54214
    ]
  ],
  [
    "||facebook.com/plugins/recommendations.php?$third-party",
    [
      54215
    ]
  ],
  [
    "||facebook.com/plugins/send.php?$third-party",
    [
      54216
    ]
  ],
  [
    "||facebook.com/plugins/share_button.php?$third-party",
    [
      54217
    ]
  ],
  [
    "||facebook.com/plugins/subscribe.php$third-party",
    [
      54218
    ]
  ],
  [
    "||facebook.com/widgets/activity.php?$third-party",
    [
      54219
    ]
  ],
  [
    "||facebook.com/widgets/fan.php?$third-party",
    [
      54220
    ]
  ],
  [
    "||facebook.com/widgets/like.php?$third-party",
    [
      54221
    ]
  ],
  [
    "||facebook.com/widgets/recommendations.php?$third-party",
    [
      54222
    ]
  ],
  [
    "||facebook.com^*/plugins/like.php?$third-party",
    [
      54223
    ]
  ],
  [
    "||facebook.com^*/plugins/page.php?$third-party",
    [
      54224
    ]
  ],
  [
    "||facebook.com^*/plugins/share_button.php?$third-party",
    [
      54225
    ]
  ],
  [
    "||fark.com^$script,third-party",
    [
      54226
    ]
  ],
  [
    "||feedgrabbr.com/widget/",
    [
      54227
    ]
  ],
  [
    "||feedly.com/img/follows/$third-party",
    [
      54228
    ]
  ],
  [
    "||figshare.com^$third-party",
    [
      54229
    ]
  ],
  [
    "||filamentapp-assets.s3.amazonaws.com^$third-party",
    [
      54230
    ]
  ],
  [
    "||filamentapp.s3.amazonaws.com^$third-party",
    [
      54231
    ]
  ],
  [
    "||fireworkapi.com^$third-party",
    [
      54232
    ]
  ],
  [
    "||fireworkapi1.com^$third-party,domain=~matsukiyococokara-online.com",
    [
      54233
    ]
  ],
  [
    "||fireworktv.com^$third-party",
    [
      54234
    ]
  ],
  [
    "||flipboard.com/web/buttons/$third-party",
    [
      54235
    ]
  ],
  [
    "||followistic.com^$third-party",
    [
      54236
    ]
  ],
  [
    "||friends2follow.com^$subdocument,third-party",
    [
      54237
    ]
  ],
  [
    "||fwcdn2.com^$third-party",
    [
      54238
    ]
  ],
  [
    "||fwcdn3.com^$third-party",
    [
      54239
    ]
  ],
  [
    "||getbutton.io/widget-send-button/$third-party",
    [
      54240
    ]
  ],
  [
    "||getsocial.io/widget/$third-party",
    [
      54241
    ]
  ],
  [
    "||getsocial.io^*/gs_async.js$third-party",
    [
      54242
    ]
  ],
  [
    "||google.com/_/+1/$third-party",
    [
      54243
    ]
  ],
  [
    "||google.com^*/fastbutton?$third-party",
    [
      54244
    ]
  ],
  [
    "||gotchosen.com^$third-party",
    [
      54245
    ]
  ],
  [
    "||gplusapi.appspot.com^$third-party",
    [
      54246
    ]
  ],
  [
    "||graph.facebook.com/fql?q=SELECT$third-party",
    [
      54247
    ]
  ],
  [
    "||handll.com^$third-party",
    [
      54248
    ]
  ],
  [
    "||hatena.ne.jp/entry/button/$third-party",
    [
      54249
    ]
  ],
  [
    "||herokuapp.com/button.html?$third-party",
    [
      54250
    ]
  ],
  [
    "||hn-button.herokuapp.com^$third-party",
    [
      54251
    ]
  ],
  [
    "||iconosquare.com/widget.php$third-party",
    [
      54252
    ]
  ],
  [
    "||insidesoci.al^$third-party",
    [
      54253
    ]
  ],
  [
    "||jit.su/frame$third-party",
    [
      54254
    ]
  ],
  [
    "||jsoon.digitiminimi.com^$third-party",
    [
      54255
    ]
  ],
  [
    "||karmacracy.com/widget$third-party",
    [
      54256
    ]
  ],
  [
    "||lessbuttons.com^$third-party",
    [
      54257
    ]
  ],
  [
    "||likebtn.com^$third-party",
    [
      54258
    ]
  ],
  [
    "||line-apps.com^*/thirdparty/$third-party",
    [
      54259
    ]
  ],
  [
    "||line.me/js/line-button.js?$third-party",
    [
      54260
    ]
  ],
  [
    "||linkedin.com/countserv/$third-party",
    [
      54261
    ]
  ],
  [
    "||linkedin.com/img/$third-party",
    [
      54262
    ]
  ],
  [
    "||linkedin.com/uas/js/userspace?$third-party",
    [
      54263
    ]
  ],
  [
    "||linksalpha.com^$third-party",
    [
      54264
    ]
  ],
  [
    "||loveclaw.com^$third-party",
    [
      54265
    ]
  ],
  [
    "||markerly.com^$third-party",
    [
      54266
    ]
  ],
  [
    "||massrelevance.com^$third-party",
    [
      54267
    ]
  ],
  [
    "||meebo.com^$third-party",
    [
      54268
    ]
  ],
  [
    "||meerkatapp.co/btn/$third-party",
    [
      54269
    ]
  ],
  [
    "||messengerpeople.com^$third-party",
    [
      54270
    ]
  ],
  [
    "||milotree.com^$third-party",
    [
      54271
    ]
  ],
  [
    "||newsharecounts.com^$third-party",
    [
      54272
    ]
  ],
  [
    "||opensharecount.com^$third-party",
    [
      54273
    ]
  ],
  [
    "||patreon.com/becomePatronButton.bundle.js$third-party",
    [
      54274
    ]
  ],
  [
    "||pepper.com^$third-party",
    [
      54275
    ]
  ],
  [
    "||pinterest.com/images/$third-party",
    [
      54276
    ]
  ],
  [
    "||pinterest.com/js/pinit_main.js$third-party",
    [
      54277
    ]
  ],
  [
    "||pinterest.com/v1/urls/count.json$third-party",
    [
      54278
    ]
  ],
  [
    "||platform.foursquare.com^$third-party",
    [
      54279
    ]
  ],
  [
    "||platform.linkedin.com^$third-party",
    [
      54280
    ]
  ],
  [
    "||platform.twitter.com/anywhere.js$third-party",
    [
      54281
    ]
  ],
  [
    "||platform.twitter.com/embed/$~stylesheet,~subdocument,third-party",
    [
      54282
    ]
  ],
  [
    "||platform.twitter.com/js/button.$third-party",
    [
      54283
    ]
  ],
  [
    "||po.st/share/$script",
    [
      54284
    ]
  ],
  [
    "||po.st/static/$third-party",
    [
      54285
    ]
  ],
  [
    "||reactandshare.com^$third-party",
    [
      54286
    ]
  ],
  [
    "||reddit.com/api/info.json?$third-party",
    [
      54287
    ]
  ],
  [
    "||reddit.com/button.js?$third-party",
    [
      54288
    ]
  ],
  [
    "||reddit.com/static/$third-party",
    [
      54289
    ]
  ],
  [
    "||revinate.com^$third-party",
    [
      54290
    ]
  ],
  [
    "||scoop.it^$third-party",
    [
      54291
    ]
  ],
  [
    "||share.itraffic.su^$third-party",
    [
      54292
    ]
  ],
  [
    "||share.static.skyrock.net^$third-party",
    [
      54293
    ]
  ],
  [
    "||shareaholic.com^$third-party",
    [
      54294
    ]
  ],
  [
    "||sharedcount.com^$third-party",
    [
      54295
    ]
  ],
  [
    "||sharethis.com^$third-party",
    [
      54296
    ]
  ],
  [
    "||sharexy.com^$third-party",
    [
      54297
    ]
  ],
  [
    "||sharpay.io^$third-party",
    [
      54298
    ]
  ],
  [
    "||shpg.org^$third-party",
    [
      54299
    ]
  ],
  [
    "||simplesharebuttons.com^$third-party",
    [
      54300
    ]
  ],
  [
    "||softwebzone.com^$third-party",
    [
      54301
    ]
  ],
  [
    "||spotify.com/follow/$third-party",
    [
      54302
    ]
  ],
  [
    "||statigr.am^$third-party",
    [
      54303
    ]
  ],
  [
    "||storeya.com/externalscript/$third-party",
    [
      54304
    ]
  ],
  [
    "||t.pridat.eu^$third-party",
    [
      54305
    ]
  ],
  [
    "||trendemon.com^$third-party",
    [
      54306
    ]
  ],
  [
    "||twinesocial.com^$third-party",
    [
      54307
    ]
  ],
  [
    "||twitter.com/account/$third-party",
    [
      54308
    ]
  ],
  [
    "||twitter.com/i/jot",
    [
      54309
    ]
  ],
  [
    "||twitter.com/js/timeline.$script,third-party",
    [
      54310
    ]
  ],
  [
    "||usocial.pro^$third-party",
    [
      54311
    ]
  ],
  [
    "||vk.com/share.php?$third-party",
    [
      54312
    ]
  ],
  [
    "||vk.com/widget_community.php$third-party",
    [
      54313
    ]
  ],
  [
    "||vk.com/widget_community_messages.php?$third-party",
    [
      54314
    ]
  ],
  [
    "||vk.com/widget_like.php$third-party",
    [
      54315
    ]
  ],
  [
    "||vkontakte.ru/js/api/$third-party,domain=~arudex.com|~tapclap.com|~ugo.ru|~vk.com",
    [
      54316
    ]
  ],
  [
    "||vkontakte.ru/share.php?$third-party",
    [
      54317
    ]
  ],
  [
    "||vkontakte.ru/widget_community.php$third-party",
    [
      54318
    ]
  ],
  [
    "||vkontakte.ru/widget_like.php$third-party",
    [
      54319
    ]
  ],
  [
    "||w.uptolike.com^$third-party",
    [
      54320
    ]
  ],
  [
    "||weibo.com/staticjs/weiboshare.html$third-party",
    [
      54321
    ]
  ],
  [
    "||widget.weibo.com^$third-party",
    [
      54322
    ]
  ],
  [
    "||widget.whatshelp.io^$third-party",
    [
      54323
    ]
  ],
  [
    "||widgets.getpocket.com^$third-party",
    [
      54324
    ]
  ],
  [
    "||widgets.wp.com/likes/$third-party",
    [
      54325
    ]
  ],
  [
    "||wykop.pl/dataprovider/diggerwidget/$third-party",
    [
      54326
    ]
  ],
  [
    "||xing-share.com^$third-party",
    [
      54327
    ]
  ],
  [
    "||xing.com/img/buttons/$third-party",
    [
      54328
    ]
  ],
  [
    "||yandex.st/share/",
    [
      54329
    ]
  ],
  [
    "||youtube.com/subscribe_embed?$third-party",
    [
      54330
    ]
  ],
  [
    "||youtube.com/subscribe_widget$third-party",
    [
      54331
    ]
  ],
  [
    "||zextit.com/partners/$third-party",
    [
      54332
    ]
  ],
  [
    "||ipaddress.com/shariff/",
    [
      54333
    ]
  ],
  [
    "||naturalnews.com/getviews2.",
    [
      54334
    ]
  ],
  [
    "||people.com.cn/img/2020fenxiang/",
    [
      54335
    ]
  ],
  [
    "||probook.bg/like?$third-party",
    [
      54336
    ]
  ],
  [
    "||pipeline.de/socialmedia-icons/",
    [
      54337
    ]
  ],
  [
    "||seitzeichen.de^$third-party",
    [
      54338
    ]
  ],
  [
    "||social-bookmarking-tools.de^$third-party",
    [
      54339
    ]
  ],
  [
    "||werkenntwen.de/images/buttons/$third-party",
    [
      54340
    ]
  ],
  [
    "||lequipe.fr/_nuxt/Share.",
    [
      54341
    ]
  ],
  [
    "||produits-asiatiques.com/annuaire/templates/coolor/images/facebook-faces.gif",
    [
      54342
    ]
  ],
  [
    "||almasryalyoum.com/scripts/sharing.js",
    [
      54343
    ]
  ],
  [
    "||stjegypt.com/uploads/stjnew.jpg",
    [
      54344
    ]
  ],
  [
    "||share.baidu.com^",
    [
      54345
    ]
  ],
  [
    "||fanclubbarcelona.nl/images/mediabuttons/",
    [
      54346
    ]
  ],
  [
    "||focus.it/images/embed/banner-canale-whats-up/",
    [
      54347
    ]
  ],
  [
    "||napolimagazine.com/web/img/iconefooter/",
    [
      54348
    ]
  ],
  [
    "||napolimagazine.com/web/img/iconetop/",
    [
      54349
    ]
  ],
  [
    "||nursetimes.org/wp-content/uploads/2016/01/telegram-banner.png",
    [
      54350
    ]
  ],
  [
    "||imyfone.com/assets/js/media_share/",
    [
      54351
    ]
  ],
  [
    "||ministop.co.jp/site_common/js/sns_",
    [
      54352
    ]
  ],
  [
    "||plugins.mixi.jp/favorite.pl?$third-party",
    [
      54353
    ]
  ],
  [
    "||taishurx.jp/js/web/sns_header.js",
    [
      54354
    ]
  ],
  [
    "||draugiem.lv/business/ext/fans/$third-party",
    [
      54355
    ]
  ],
  [
    "||draugiem.lv/business/ext/follow/$third-party",
    [
      54356
    ]
  ],
  [
    "||draugiem.lv/lapas/widgets/$third-party",
    [
      54357
    ]
  ],
  [
    "||draugiem.lv/say/ext/like.php$third-party",
    [
      54358
    ]
  ],
  [
    "||draugiem.lv/say/ext/recommend.php$third-party",
    [
      54359
    ]
  ],
  [
    "||draugiem.lv^*/js/fans/$third-party",
    [
      54360
    ]
  ],
  [
    "||sekomums.lv^$third-party",
    [
      54361
    ]
  ],
  [
    "||aventurasnahistoria.uol.com.br/static/socialmedia/",
    [
      54362
    ]
  ],
  [
    "||defatoonline.com.br/whatsapp.html",
    [
      54363
    ]
  ],
  [
    "||jcconcursos.com.br/static/socialmedia/",
    [
      54364
    ]
  ],
  [
    "||trrsf.com/transversais/trr_bar/$script",
    [
      54365
    ]
  ],
  [
    "||dni.ru^*/sotial-",
    [
      54366
    ]
  ],
  [
    "||russia.tv/js/modules/social-subscriber.js",
    [
      54367
    ]
  ],
  [
    "||spynews.ro/templates/default/img/face.png",
    [
      54368
    ]
  ],
  [
    "||vestifinance.ru/js/share.js",
    [
      54369
    ]
  ],
  [
    "@@/angular-facebook.js",
    [
      54370
    ]
  ],
  [
    "@@/wp-content/plugins/bwp-minify/min/?*,wp-content$script,stylesheet,~third-party",
    [
      54371
    ]
  ],
  [
    "@@/wp-content/plugins/share-this-image/*$~third-party",
    [
      54372
    ]
  ],
  [
    "@@/wp-content/plugins/socialauth-wp/*$~third-party",
    [
      54373
    ]
  ],
  [
    "@@/wp-content/plugins/wordpress-social-login/*$~third-party",
    [
      54374
    ]
  ],
  [
    "@@/wp-content/plugins/wp-minify/min/?*,wp-content$stylesheet",
    [
      54375
    ]
  ],
  [
    "@@/wp-content/plugins/wp-rocket/*$image,~third-party",
    [
      54376
    ]
  ],
  [
    "@@||3obieg.pl/wp-content/themes/sowe/css/content/$image",
    [
      54377
    ]
  ],
  [
    "@@||adguard.com/public/Adguard/Blog/Android/comparison/facebook_$image,domain=adguard.com",
    [
      54378
    ]
  ],
  [
    "@@||ahaan.co.uk^$~third-party,xmlhttprequest",
    [
      54379
    ]
  ],
  [
    "@@||answers.ros.org/m/default/media/images/socialsprite.png$~third-party",
    [
      54380
    ]
  ],
  [
    "@@||app.conceptboard.com^*/SocialIcons.js$xmlhttprequest",
    [
      54381
    ]
  ],
  [
    "@@||app.veggly.net/plugins/cordova-plugin-x-socialsharing/$script,~third-party",
    [
      54382
    ]
  ],
  [
    "@@||arcgis.com/apps/Nearby/app/components/Share/$~third-party",
    [
      54383
    ]
  ],
  [
    "@@||arhn.eu/wp-content/themes/socialize/$~third-party",
    [
      54384
    ]
  ],
  [
    "@@||assets.msn.com/bundles/*/social-bar-$~third-party",
    [
      54385
    ]
  ],
  [
    "@@||authy.com/wp-content/themes/authy/assets/images/icons/",
    [
      54386
    ]
  ],
  [
    "@@||brave.com/wp-content/uploads/$image,~third-party",
    [
      54387
    ]
  ],
  [
    "@@||cdn.flowplayer.com^*/share.min.js",
    [
      54388
    ]
  ],
  [
    "@@||comelitgroup.com/wp-content/themes/comelitgroup/includes/js/instafeed.min.js$~third-party",
    [
      54389
    ]
  ],
  [
    "@@||comelitgroup.com/wp-content/themes/comelitgroup/includes/js/SocialShare.min.js$~third-party",
    [
      54390
    ]
  ],
  [
    "@@||commonsensemedia.org/ajax/review/$~third-party,xmlhttprequest",
    [
      54391
    ]
  ],
  [
    "@@||d27rt3a60hh1lx.cloudfront.net/models/$domain=muse.place",
    [
      54392
    ]
  ],
  [
    "@@||digitrend.it/wonder-marketing/assets/wordpress/js/videojs-share.min.js?$script,domain=vrsicilia.it",
    [
      54393
    ]
  ],
  [
    "@@||enumizmatyczny.pl/modules/hifacebookconnect/$image",
    [
      54394
    ]
  ],
  [
    "@@||facebook.com^*/plugins/page.php?$domain=cieplikpodrozuje.pl|makulscy.com",
    [
      54395
    ]
  ],
  [
    "@@||fc-zenit.ru/local/templates/new_html/css/nav-social-2/$~third-party",
    [
      54396
    ]
  ],
  [
    "@@||findicons.com/files/icons/$~third-party",
    [
      54397
    ]
  ],
  [
    "@@||gen.jut.su/jcdn/minify?charset=*/videojs-share.$script,stylesheet,domain=jut.su",
    [
      54398
    ]
  ],
  [
    "@@||iconfinder.com/data/icons/$~third-party",
    [
      54399
    ]
  ],
  [
    "@@||iconizer.net/files/*_social_$image",
    [
      54400
    ]
  ],
  [
    "@@||iconspedia.com/icon/$image,~third-party",
    [
      54401
    ]
  ],
  [
    "@@||inscience.news/svc/getscript.aspx$script,~third-party",
    [
      54402
    ]
  ],
  [
    "@@||instagram.com/p/$subdocument,third-party",
    [
      54403
    ]
  ],
  [
    "@@||jsdelivr.net/npm/sharer.js",
    [
      54404
    ]
  ],
  [
    "@@||kinogoo.cc/engine/classes/min/index.php$~third-party,xmlhttprequest",
    [
      54405
    ]
  ],
  [
    "@@||livesicilia.it/wp-content/plugins/digistream/digiplayer/js/videojs-share.min.js?$script,~third-party",
    [
      54406
    ]
  ],
  [
    "@@||login.kataweb.it^*/sprite-social.png",
    [
      54407
    ]
  ],
  [
    "@@||logo.wine/a/logo/$image,~third-party",
    [
      54408
    ]
  ],
  [
    "@@||meltyblood.typelumina.com/resources/img/common/$image,~third-party",
    [
      54409
    ]
  ],
  [
    "@@||moneyweb.co.za^*/social-shares.min.js?",
    [
      54410
    ]
  ],
  [
    "@@||nhk.or.jp/common/sns/nol_share.js$script,~third-party",
    [
      54411
    ]
  ],
  [
    "@@||nuxt.com/_nuxt/SocialLinks.$script,~third-party",
    [
      54412
    ]
  ],
  [
    "@@||parlament.mt/scripts/easy-social-share.js",
    [
      54413
    ]
  ],
  [
    "@@||player.fm^*/social-icons/$image",
    [
      54414
    ]
  ],
  [
    "@@||pngrepo.com/png/$image,~third-party",
    [
      54415
    ]
  ],
  [
    "@@||politumor.ru/engine/classes/min/index.php?f=*/share42.js$script,~third-party",
    [
      54416
    ]
  ],
  [
    "@@||qds.it/wp-content/plugins/digistream/digiplayer/js/videojs-share.min.js?$script,~third-party",
    [
      54417
    ]
  ],
  [
    "@@||radio24.ilsole24ore.com/plugins/cordova-plugin-x-socialsharing/www/SocialSharing.js$script,~third-party",
    [
      54418
    ]
  ],
  [
    "@@||reactandshare.com/plugin/rns.js$domain=maanmittauslaitos.fi|verkkouutiset.fi",
    [
      54419
    ]
  ],
  [
    "@@||s7.addthis.com^*/addthis_widget.js$domain=mediamatters.org|politico.com",
    [
      54420
    ]
  ],
  [
    "@@||sharethis.com/button/buttons.js$domain=bristan.com",
    [
      54421
    ]
  ],
  [
    "@@||softicons.com/download/$image",
    [
      54422
    ]
  ],
  [
    "@@||srf.ch/socialview-in/$~third-party",
    [
      54423
    ]
  ],
  [
    "@@||static.addtoany.com/menu/page.js$script,domain=suttonquebec.com",
    [
      54424
    ]
  ],
  [
    "@@||static.parastorage.com/services/editor-elements/dist/facebookshare.$script,third-party",
    [
      54425
    ]
  ],
  [
    "@@||supremacy1914.com/fileadmin/templates/$~third-party",
    [
      54426
    ]
  ],
  [
    "@@||svgrepo.com/show/$image,~third-party",
    [
      54427
    ]
  ],
  [
    "@@||tf1.fr/public/*-share-$script,~third-party",
    [
      54428
    ]
  ],
  [
    "@@||tgcom24.mediaset.it/assets/js/amd/socialcount.js",
    [
      54429
    ]
  ],
  [
    "@@||tgstat.ru/js/share2/share.js$script,~third-party",
    [
      54430
    ]
  ],
  [
    "@@||thecity.m24.ru/css/ya-share.css",
    [
      54431
    ]
  ],
  [
    "@@||thecompany.pl/graf/icons/youtube.png",
    [
      54432
    ]
  ],
  [
    "@@||toneden.io/production/javascripts/social.js$script,~third-party",
    [
      54433
    ]
  ],
  [
    "@@||tosdr.org/logo/$image",
    [
      54434
    ]
  ],
  [
    "@@||tweet.mapping.jp/data/czml/tweets.json$~third-party",
    [
      54435
    ]
  ],
  [
    "@@||vpobede.ru/assets/images/footer-social/$~third-party,xmlhttprequest",
    [
      54436
    ]
  ],
  [
    "@@||wettercomassets.com/wcomv5/images/footer/$domain=wetter.com",
    [
      54437
    ]
  ],
  [
    "@@||yap.ru/html/static/share/$image,~third-party",
    [
      54438
    ]
  ],
  [
    "@@||yaplakal.com/html/static/$image,~third-party",
    [
      54439
    ]
  ],
  [
    "@@||yastatic.net/share2/share.js$script",
    [
      54440
    ]
  ]
]