[
  [
    "-push-notification.$domain=~github.com",
    [
      547123
    ]
  ],
  [
    "-push-notification/$domain=~github.com",
    [
      547124
    ]
  ],
  [
    "/accusmartwebpush-fire-push-public.js",
    [
      547125
    ]
  ],
  [
    "/al-fb-notification/assets/scripts/al-main-script.js",
    [
      547126
    ]
  ],
  [
    "/amp-user-notification-",
    [
      547127
    ]
  ],
  [
    "/amp-web-push-0.1.js",
    [
      547128
    ]
  ],
  [
    "/assets/www/notification.",
    [
      547129
    ]
  ],
  [
    "/build/push.js",
    [
      547130
    ]
  ],
  [
    "/checkPush.js",
    [
      547131
    ]
  ],
  [
    "/content/js/push.js",
    [
      547132
    ]
  ],
  [
    "/fcmPush.js",
    [
      547133
    ]
  ],
  [
    "/FeedifySW.js",
    [
      547134
    ]
  ],
  [
    "/flying_push.js",
    [
      547135
    ]
  ],
  [
    "/ilabspush.min.js",
    [
      547136
    ]
  ],
  [
    "/inpl.webpush.js",
    [
      547137
    ]
  ],
  [
    "/jquery-notification.js",
    [
      547138
    ]
  ],
  [
    "/jsb/pushnotifications?",
    [
      547139
    ]
  ],
  [
    "/list_notificaciones.php",
    [
      547140
    ]
  ],
  [
    "/maximizly-push.js",
    [
      547141
    ]
  ],
  [
    "/modules/notifications.$domain=~forum.vivaldi.net",
    [
      547142
    ]
  ],
  [
    "/mp-web-notification.js",
    [
      547143
    ]
  ],
  [
    "/notification-prod-sw.js",
    [
      547144
    ]
  ],
  [
    "/notification-sw.js",
    [
      547145
    ]
  ],
  [
    "/notification/notify.js",
    [
      547146
    ]
  ],
  [
    "/notifyme.js",
    [
      547147
    ]
  ],
  [
    "/notifyme.min.js",
    [
      547148
    ]
  ],
  [
    "/one-signal.js",
    [
      547149
    ]
  ],
  [
    "/one-signal.min.js",
    [
      547150
    ]
  ],
  [
    "/onesignal.js",
    [
      547151
    ]
  ],
  [
    "/onesignal.min.",
    [
      547152
    ]
  ],
  [
    "/onesignal/manifest.",
    [
      547153
    ]
  ],
  [
    "/onesignalfix.js",
    [
      547154
    ]
  ],
  [
    "/OneSignalSDKUpdaterWorker.js",
    [
      547155
    ]
  ],
  [
    "/OneSignalSDKWorker.js",
    [
      547156
    ]
  ],
  [
    "/perfecty-push-sdk.min.js",
    [
      547157
    ]
  ],
  [
    "/plugins/tfnotifier-wp/swloader.php",
    [
      547158
    ]
  ],
  [
    "/push-notification.js",
    [
      547159
    ]
  ],
  [
    "/push-notification.min.js",
    [
      547160
    ]
  ],
  [
    "/push-notification/*$domain=~upwork.com",
    [
      547161
    ]
  ],
  [
    "/push-notifications.$~stylesheet",
    [
      547162
    ]
  ],
  [
    "/push-notifications/*",
    [
      547163
    ]
  ],
  [
    "/push-notifications?",
    [
      547164
    ]
  ],
  [
    "/push-sw.js",
    [
      547165
    ]
  ],
  [
    "/push-worker-$script",
    [
      547166
    ]
  ],
  [
    "/push-wrap.js",
    [
      547167
    ]
  ],
  [
    "/push/sbscr.js",
    [
      547168
    ]
  ],
  [
    "/push/sbscrp.js",
    [
      547169
    ]
  ],
  [
    "/push/subscribe.js",
    [
      547170
    ]
  ],
  [
    "/push_app.js",
    [
      547171
    ]
  ],
  [
    "/push_notification.js",
    [
      547172
    ]
  ],
  [
    "/push_notification.min.js",
    [
      547173
    ]
  ],
  [
    "/push_notification/*",
    [
      547174
    ]
  ],
  [
    "/push_notifications.js",
    [
      547175
    ]
  ],
  [
    "/push_subscription.js",
    [
      547176
    ]
  ],
  [
    "/pushes/firebase.js",
    [
      547177
    ]
  ],
  [
    "/pushes/notification.js",
    [
      547178
    ]
  ],
  [
    "/PushexSDK.js",
    [
      547179
    ]
  ],
  [
    "/pushly-sdk.min.js",
    [
      547180
    ]
  ],
  [
    "/pushNotification.js",
    [
      547181
    ]
  ],
  [
    "/pushNotifications.js",
    [
      547182
    ]
  ],
  [
    "/pushnotifications/*",
    [
      547183
    ]
  ],
  [
    "/pushNotificationSdkJS.js",
    [
      547184
    ]
  ],
  [
    "/pushpro-lib.js",
    [
      547185
    ]
  ],
  [
    "/pushsubscribe.js",
    [
      547186
    ]
  ],
  [
    "/pushup-notification/push-app.js",
    [
      547187
    ]
  ],
  [
    "/pushup-notification/push-messaging.js",
    [
      547188
    ]
  ],
  [
    "/pushv2.js",
    [
      547189
    ]
  ],
  [
    "/pushwoosh-service-worker.js",
    [
      547190
    ]
  ],
  [
    "/pushwoosh-web-notifications.js",
    [
      547191
    ]
  ],
  [
    "/pushwoosh-web-pushes-http-sdk.js",
    [
      547192
    ]
  ],
  [
    "/pushy-ver.js",
    [
      547193
    ]
  ],
  [
    "/scripts/onesignal.js",
    [
      547194
    ]
  ],
  [
    "/site-notification-desk.min.js",
    [
      547195
    ]
  ],
  [
    "/smio-push-notification/js/frontend_webpush.js",
    [
      547196
    ]
  ],
  [
    "/subscribe-push-notifications.js",
    [
      547197
    ]
  ],
  [
    "/web-push-notifications.js",
    [
      547198
    ]
  ],
  [
    "/web-push.js",
    [
      547199
    ]
  ],
  [
    "/web-push/init.min.js",
    [
      547200
    ]
  ],
  [
    "/webalert-notification.js",
    [
      547201
    ]
  ],
  [
    "/webnotf.js",
    [
      547202
    ]
  ],
  [
    "/webnotification.js",
    [
      547203
    ]
  ],
  [
    "/webpush-production.js",
    [
      547204
    ]
  ],
  [
    "/webpush.js",
    [
      547205
    ]
  ],
  [
    "/webpush.min.js",
    [
      547206
    ]
  ],
  [
    "/webpush_register.php",
    [
      547207
    ]
  ],
  [
    "/webPushNotifications.js",
    [
      547208
    ]
  ],
  [
    "/wonderpush-loader.min.js",
    [
      547209
    ]
  ],
  [
    "/wonderpush.js",
    [
      547210
    ]
  ],
  [
    "/wonderpush.min.js",
    [
      547211
    ]
  ],
  [
    "/wordpress-fire-push-public.js",
    [
      547212
    ]
  ],
  [
    "/wp-notification-bars-public.js",
    [
      547213
    ]
  ],
  [
    "/app-banner/*$xmlhttprequest",
    [
      547214
    ]
  ],
  [
    "/jquery.androidbanner.js",
    [
      547215
    ]
  ],
  [
    "/js-mobile-*/header_$script",
    [
      547216
    ]
  ],
  [
    "/js/jquery.smartbanner.js|",
    [
      547217
    ]
  ],
  [
    "/js/jquery.smartbanner.min.js|",
    [
      547218
    ]
  ],
  [
    "/mobile-welcome-overlay/*$script",
    [
      547219
    ]
  ],
  [
    "/smart-app-banner.js",
    [
      547220
    ]
  ],
  [
    "||api-push.com^$third-party",
    [
      547221
    ]
  ],
  [
    "||azureedge.net/js/cookie_notificacao.min.js",
    [
      547222
    ]
  ],
  [
    "||bildirnet.com^$third-party",
    [
      547223
    ]
  ],
  [
    "||braze.com^$third-party",
    [
      547224
    ]
  ],
  [
    "||cappushino.com^$third-party",
    [
      547225
    ]
  ],
  [
    "||cdn.qgr.ph^$third-party",
    [
      547226
    ]
  ],
  [
    "||cdn.qgraph.io^$third-party",
    [
      547227
    ]
  ],
  [
    "||centrnotify.com^$third-party",
    [
      547228
    ]
  ],
  [
    "||checke.biz^$third-party",
    [
      547229
    ]
  ],
  [
    "||confirmit.com^$third-party",
    [
      547230
    ]
  ],
  [
    "||conforama-push.com^$third-party",
    [
      547231
    ]
  ],
  [
    "||contentsitesrv.com/js/push/$third-party",
    [
      547232
    ]
  ],
  [
    "||css.xjsx.lol^$third-party",
    [
      547233
    ]
  ],
  [
    "||digipush.io^$third-party",
    [
      547234
    ]
  ],
  [
    "||dpns-notifications.com^$third-party",
    [
      547235
    ]
  ],
  [
    "||easyfeeed.com^$third-party",
    [
      547236
    ]
  ],
  [
    "||evolok.net^$third-party",
    [
      547237
    ]
  ],
  [
    "||farteniuson.com^$third-party",
    [
      547238
    ]
  ],
  [
    "||getnotification.me^$third-party",
    [
      547239
    ]
  ],
  [
    "||irpush.com^$third-party",
    [
      547240
    ]
  ],
  [
    "||jubi.ai/buttonbot/$script,third-party",
    [
      547241
    ]
  ],
  [
    "||krakenoptimize.com^$third-party",
    [
      547242
    ]
  ],
  [
    "||luravius.com^$third-party",
    [
      547243
    ]
  ],
  [
    "||medallia.com^*/onsite/embed.js",
    [
      547244
    ]
  ],
  [
    "||neopush.io^$third-party",
    [
      547245
    ]
  ],
  [
    "||news2day.me^$third-party",
    [
      547246
    ]
  ],
  [
    "||notification-time.com^$third-party",
    [
      547247
    ]
  ],
  [
    "||notification.tubecup.net^",
    [
      547248
    ]
  ],
  [
    "||notifications.ltd^$third-party",
    [
      547249
    ]
  ],
  [
    "||notifikuj.cz^$third-party",
    [
      547250
    ]
  ],
  [
    "||notifstation.com^$third-party",
    [
      547251
    ]
  ],
  [
    "||notix.io^$third-party",
    [
      547252
    ]
  ],
  [
    "||ntvsw.com^$third-party",
    [
      547253
    ]
  ],
  [
    "||partishion.com^$third-party",
    [
      547254
    ]
  ],
  [
    "||pathlime.com^$third-party",
    [
      547255
    ]
  ],
  [
    "||popmechanic.ru^$third-party",
    [
      547256
    ]
  ],
  [
    "||propush.net^$third-party",
    [
      547257
    ]
  ],
  [
    "||pt.appirits.com^$third-party",
    [
      547258
    ]
  ],
  [
    "||puscomosca.com^$third-party",
    [
      547259
    ]
  ],
  [
    "||push-centr.com^$third-party",
    [
      547260
    ]
  ],
  [
    "||push-centr.net^$third-party",
    [
      547261
    ]
  ],
  [
    "||push-engage.com^$third-party",
    [
      547262
    ]
  ],
  [
    "||push-notifications.top^$third-party",
    [
      547263
    ]
  ],
  [
    "||push-pro.net^$third-party",
    [
      547264
    ]
  ],
  [
    "||push.asahiinteractive.com^",
    [
      547265
    ]
  ],
  [
    "||push.bytesignal.com^",
    [
      547266
    ]
  ],
  [
    "||push.daksham.in^$third-party",
    [
      547267
    ]
  ],
  [
    "||push.delivery.ethinking.de^",
    [
      547268
    ]
  ],
  [
    "||push.delivery^$third-party",
    [
      547269
    ]
  ],
  [
    "||push.esputnik.com^",
    [
      547270
    ]
  ],
  [
    "||push.getbeamer.com^",
    [
      547271
    ]
  ],
  [
    "||push.knd.ro^",
    [
      547272
    ]
  ],
  [
    "||push.newscraft.io^",
    [
      547273
    ]
  ],
  [
    "||push.reamaze.com^",
    [
      547274
    ]
  ],
  [
    "||push.rollout.io^$third-party",
    [
      547275
    ]
  ],
  [
    "||push.world^$third-party",
    [
      547276
    ]
  ],
  [
    "||pushaddict.com^$third-party",
    [
      547277
    ]
  ],
  [
    "||pushango.com^$third-party",
    [
      547278
    ]
  ],
  [
    "||pushassist.com^$third-party",
    [
      547279
    ]
  ],
  [
    "||pushaya.com^$third-party",
    [
      547280
    ]
  ],
  [
    "||pushbaza.com^$third-party",
    [
      547281
    ]
  ],
  [
    "||pushbots.com^$third-party",
    [
      547282
    ]
  ],
  [
    "||pushbox.info^$third-party",
    [
      547283
    ]
  ],
  [
    "||pushcentr.com^$third-party",
    [
      547284
    ]
  ],
  [
    "||pushchev.info^$third-party",
    [
      547285
    ]
  ],
  [
    "||pushcrew.com^$third-party",
    [
      547286
    ]
  ],
  [
    "||pushdealer.com^$third-party",
    [
      547287
    ]
  ],
  [
    "||pushe.co^$third-party",
    [
      547288
    ]
  ],
  [
    "||pusherapp.com^$third-party",
    [
      547289
    ]
  ],
  [
    "||pushinpage.com^$third-party",
    [
      547290
    ]
  ],
  [
    "||pushinstruments.com^$third-party",
    [
      547291
    ]
  ],
  [
    "||pushio.com^$third-party",
    [
      547292
    ]
  ],
  [
    "||pushjunky.com^$third-party",
    [
      547293
    ]
  ],
  [
    "||pushkahouse.com^$third-party",
    [
      547294
    ]
  ],
  [
    "||pushkaplus.com^$third-party",
    [
      547295
    ]
  ],
  [
    "||pushly.com^$third-party",
    [
      547296
    ]
  ],
  [
    "||pushmaster-cdn.xyz^$third-party",
    [
      547297
    ]
  ],
  [
    "||pushmejs.com^$third-party",
    [
      547298
    ]
  ],
  [
    "||pushnews.eu^$third-party",
    [
      547299
    ]
  ],
  [
    "||pushnotifications.click^$third-party",
    [
      547300
    ]
  ],
  [
    "||pushouse.com^$third-party",
    [
      547301
    ]
  ],
  [
    "||pushowl.com^$third-party",
    [
      547302
    ]
  ],
  [
    "||pushpad.xyz^$third-party",
    [
      547303
    ]
  ],
  [
    "||pushpanda.io^$third-party",
    [
      547304
    ]
  ],
  [
    "||pushpro.io^$third-party",
    [
      547305
    ]
  ],
  [
    "||pushprofit.ru^$third-party",
    [
      547306
    ]
  ],
  [
    "||pushprospush.com^$third-party",
    [
      547307
    ]
  ],
  [
    "||pushpushgo.com^$third-party",
    [
      547308
    ]
  ],
  [
    "||pushstack.it^$third-party",
    [
      547309
    ]
  ],
  [
    "||pushtide.com^$third-party",
    [
      547310
    ]
  ],
  [
    "||pushvip.ru^$third-party",
    [
      547311
    ]
  ],
  [
    "||pushwhy.com^$third-party",
    [
      547312
    ]
  ],
  [
    "||pushy.ai^$third-party",
    [
      547313
    ]
  ],
  [
    "||quarepush.com^$third-party",
    [
      547314
    ]
  ],
  [
    "||quaruzon.com^$third-party",
    [
      547315
    ]
  ],
  [
    "||realpush.media^$third-party",
    [
      547316
    ]
  ],
  [
    "||realpush.network^$third-party",
    [
      547317
    ]
  ],
  [
    "||revpusher.com^$third-party",
    [
      547318
    ]
  ],
  [
    "||sckxppzdm.com^$third-party",
    [
      547319
    ]
  ],
  [
    "||signaly.co^$third-party",
    [
      547320
    ]
  ],
  [
    "||snrcdn.net^$third-party",
    [
      547321
    ]
  ],
  [
    "||spacepush.ru^$third-party",
    [
      547322
    ]
  ],
  [
    "||system-notify.app^$third-party",
    [
      547323
    ]
  ],
  [
    "||ternairsoftware.com/publicwebpush/",
    [
      547324
    ]
  ],
  [
    "||topswp.com^$third-party",
    [
      547325
    ]
  ],
  [
    "||unative.com^$third-party",
    [
      547326
    ]
  ],
  [
    "||viafoura.net/push_handlers.js",
    [
      547327
    ]
  ],
  [
    "||virtualpushplatform.com^$third-party",
    [
      547328
    ]
  ],
  [
    "||webpush.jp^$third-party",
    [
      547329
    ]
  ],
  [
    "||webpushr.com^$third-party",
    [
      547330
    ]
  ],
  [
    "||webpushs.com^$third-party",
    [
      547331
    ]
  ],
  [
    "||whitepush.biz^$third-party",
    [
      547332
    ]
  ],
  [
    "||worldpush.co^$third-party",
    [
      547333
    ]
  ],
  [
    "||wps.relateddigital.com^$third-party",
    [
      547334
    ]
  ],
  [
    "||wpush.biz^$third-party",
    [
      547335
    ]
  ],
  [
    "||wpushsdk.com^$third-party",
    [
      547336
    ]
  ],
  [
    "||xedo.me^$third-party",
    [
      547337
    ]
  ],
  [
    "||youlead.pl/webpushprompt.js",
    [
      547338
    ]
  ],
  [
    "||accengage.net^$third-party",
    [
      547339
    ]
  ],
  [
    "||actirinius.com^$third-party",
    [
      547340
    ]
  ],
  [
    "||aimtell.com^$third-party",
    [
      547341
    ]
  ],
  [
    "||alertme.news^$third-party",
    [
      547342
    ]
  ],
  [
    "||amazonaws.com/cdn.aimtell.com/",
    [
      547343
    ]
  ],
  [
    "||aswpsdkeu.com^$third-party",
    [
      547344
    ]
  ],
  [
    "||aswpsdkus.com^$third-party",
    [
      547345
    ]
  ],
  [
    "||bildirt.com^$third-party",
    [
      547346
    ]
  ],
  [
    "||bosspush.com^$third-party",
    [
      547347
    ]
  ],
  [
    "||browserpusher.com^$third-party",
    [
      547348
    ]
  ],
  [
    "||cdn-sitegainer.com^$third-party",
    [
      547349
    ]
  ],
  [
    "||cleverpush.com^$third-party",
    [
      547350
    ]
  ],
  [
    "||copush.com^$third-party",
    [
      547351
    ]
  ],
  [
    "||cracataum.com^$third-party",
    [
      547352
    ]
  ],
  [
    "||danorenius.com^$third-party",
    [
      547353
    ]
  ],
  [
    "||digitalpush.org^$third-party",
    [
      547354
    ]
  ],
  [
    "||edrone.me^$third-party",
    [
      547355
    ]
  ],
  [
    "||face-push.com^$third-party",
    [
      547356
    ]
  ],
  [
    "||feedify.net^$third-party",
    [
      547357
    ]
  ],
  [
    "||feraciumus.com^$third-party",
    [
      547358
    ]
  ],
  [
    "||fernomius.com^$third-party",
    [
      547359
    ]
  ],
  [
    "||fkondate.com^$third-party",
    [
      547360
    ]
  ],
  [
    "||foxpush.com^$third-party",
    [
      547361
    ]
  ],
  [
    "||foxpush.net^$third-party",
    [
      547362
    ]
  ],
  [
    "||getback.ch^$third-party",
    [
      547363
    ]
  ],
  [
    "||getpush.net^$third-party",
    [
      547364
    ]
  ],
  [
    "||getpushmonkey.com^$third-party",
    [
      547365
    ]
  ],
  [
    "||gravitec.net^$third-party",
    [
      547366
    ]
  ],
  [
    "||heroesdom.com^$third-party",
    [
      547367
    ]
  ],
  [
    "||jeeng.com^$third-party",
    [
      547368
    ]
  ],
  [
    "||kattepush.com^$third-party",
    [
      547369
    ]
  ],
  [
    "||master-push.com^$third-party",
    [
      547370
    ]
  ],
  [
    "||master-push.net^$third-party",
    [
      547371
    ]
  ],
  [
    "||misrepush.com^$third-party",
    [
      547372
    ]
  ],
  [
    "||moengage.com^$third-party",
    [
      547373
    ]
  ],
  [
    "||mp3vizor.com^$third-party",
    [
      547374
    ]
  ],
  [
    "||najva.com^$third-party",
    [
      547375
    ]
  ],
  [
    "||nativesubscribe.pro^$third-party",
    [
      547376
    ]
  ],
  [
    "||notifadz.com^$third-party",
    [
      547377
    ]
  ],
  [
    "||notifpush.com^$third-party",
    [
      547378
    ]
  ],
  [
    "||notify.solutions^$third-party",
    [
      547379
    ]
  ],
  [
    "||olgtex.com^$third-party",
    [
      547380
    ]
  ],
  [
    "||on-push.com^$third-party",
    [
      547381
    ]
  ],
  [
    "||onepush.app^$third-party",
    [
      547382
    ]
  ],
  [
    "||provesrc.com^$third-party",
    [
      547383
    ]
  ],
  [
    "||psh.one^$third-party",
    [
      547384
    ]
  ],
  [
    "||push-ad.com^$third-party",
    [
      547385
    ]
  ],
  [
    "||push-free.com^$third-party",
    [
      547386
    ]
  ],
  [
    "||push-house.net^$third-party",
    [
      547387
    ]
  ],
  [
    "||pushalert.co^$third-party",
    [
      547388
    ]
  ],
  [
    "||pushbird.com^$third-party",
    [
      547389
    ]
  ],
  [
    "||pushbullet.com^$third-party",
    [
      547390
    ]
  ],
  [
    "||pushengage.com^$third-party",
    [
      547391
    ]
  ],
  [
    "||pushex.io^$third-party",
    [
      547392
    ]
  ],
  [
    "||pushible.com^$third-party",
    [
      547393
    ]
  ],
  [
    "||pushify.com^$third-party",
    [
      547394
    ]
  ],
  [
    "||pushwoosh.com^$third-party",
    [
      547395
    ]
  ],
  [
    "||reprocautious.com^$third-party",
    [
      547396
    ]
  ],
  [
    "||sendpulse.com^$third-party",
    [
      547397
    ]
  ],
  [
    "||setrowid.com^$third-party",
    [
      547398
    ]
  ],
  [
    "||shroughtened.com^$third-party",
    [
      547399
    ]
  ],
  [
    "||sm-epsilon.com^$third-party",
    [
      547400
    ]
  ],
  [
    "||snd.tc^$third-party",
    [
      547401
    ]
  ],
  [
    "||subscribers.com^$third-party",
    [
      547402
    ]
  ],
  [
    "||truenat.bid^$third-party",
    [
      547403
    ]
  ],
  [
    "||truepush.com^$third-party",
    [
      547404
    ]
  ],
  [
    "||urbanairship.com^$third-party",
    [
      547405
    ]
  ],
  [
    "||viapush.com^$third-party",
    [
      547406
    ]
  ],
  [
    "||webpu.sh^$third-party",
    [
      547407
    ]
  ],
  [
    "||whiteclick.biz^$third-party",
    [
      547408
    ]
  ],
  [
    "||wnpbdan.bid^$third-party",
    [
      547409
    ]
  ],
  [
    "||wonderpush.com^$third-party",
    [
      547410
    ]
  ],
  [
    "||wwclicknews.club^$third-party",
    [
      547411
    ]
  ],
  [
    "||wwclicktm.club^$third-party",
    [
      547412
    ]
  ],
  [
    "||xtremepush.com^$third-party",
    [
      547413
    ]
  ],
  [
    "||app.adjust.net.in/smart_banner",
    [
      547414
    ]
  ],
  [
    "||mobi24.net^$third-party",
    [
      547415
    ]
  ],
  [
    "/firebase-messaging.js$script,domain=tribunnews.com",
    [
      547416
    ]
  ],
  [
    "||9to5terminal.com/push.js",
    [
      547417
    ]
  ],
  [
    "||abendpoint.com/dist/js/push.js",
    [
      547418
    ]
  ],
  [
    "||alerts.ndtv.com^",
    [
      547419
    ]
  ],
  [
    "||alerts.thedailystar.net^",
    [
      547420
    ]
  ],
  [
    "||alibaba.com/sw.js",
    [
      547421
    ]
  ],
  [
    "||annahar.com/assets/js/notifications.js",
    [
      547422
    ]
  ],
  [
    "||astian.org/?push_notification_sw",
    [
      547423
    ]
  ],
  [
    "||bdstatic.com/linksubmit/push.js",
    [
      547424
    ]
  ],
  [
    "||dailymail.co.uk/api/web-push-notification/",
    [
      547425
    ]
  ],
  [
    "||gadgetsnow.com/sw.cms",
    [
      547426
    ]
  ],
  [
    "||gstatic.com/firebasejs/$domain=joins.com",
    [
      547427
    ]
  ],
  [
    "||hindustantimes.com/messaging-sw.js",
    [
      547428
    ]
  ],
  [
    "||hindustantimes.com/sw.js",
    [
      547429
    ]
  ],
  [
    "||hindustantimes.com^*/ht-notification-",
    [
      547430
    ]
  ],
  [
    "||hulkprod.anm.co.uk/api/web-push-notification/",
    [
      547431
    ]
  ],
  [
    "||imyfone.com/*/notification/$script",
    [
      547432
    ]
  ],
  [
    "||indiatimes.com/pn/",
    [
      547433
    ]
  ],
  [
    "||iol.co.za/sw.js",
    [
      547434
    ]
  ],
  [
    "||kogan.com/sw.js",
    [
      547435
    ]
  ],
  [
    "||latestdeals.co.uk/sw.js",
    [
      547436
    ]
  ],
  [
    "||msn.com/bundles/v1/homePage/latest/experiences_conditional-banner",
    [
      547437
    ]
  ],
  [
    "||ndtv.com/js/breaking_pushalert_revised.js",
    [
      547438
    ]
  ],
  [
    "||ndtv.com/sw.js",
    [
      547439
    ]
  ],
  [
    "||newsukraine.rbc.ua/sworker.js",
    [
      547440
    ]
  ],
  [
    "||nookazon.com/firebase-messaging-sw.js",
    [
      547441
    ]
  ],
  [
    "||notify.hindustantimes.com^",
    [
      547442
    ]
  ],
  [
    "||phys.org/push-sw.js",
    [
      547443
    ]
  ],
  [
    "||push.cnnindonesia.com^",
    [
      547444
    ]
  ],
  [
    "||push.ictsd.org^",
    [
      547445
    ]
  ],
  [
    "||renaultsport.com/spip.php?page=sw.js",
    [
      547446
    ]
  ],
  [
    "||rottentomatoes.com/service-worker/sw.js",
    [
      547447
    ]
  ],
  [
    "||rt.com/homescreen-sw.js",
    [
      547448
    ]
  ],
  [
    "||sammobile.com/wp-content/plugins/sam-push-notifications/",
    [
      547449
    ]
  ],
  [
    "||scmp.com/sw.js",
    [
      547450
    ]
  ],
  [
    "||seattletimes.com/wp-content/plugins/st-user-messaging/$script",
    [
      547451
    ]
  ],
  [
    "||sportskeeda.com/js/production/web-notifications/",
    [
      547452
    ]
  ],
  [
    "||techwalla.com/push-service-worker.js",
    [
      547453
    ]
  ],
  [
    "||telegraphindia.com/akam-sw.js",
    [
      547454
    ]
  ],
  [
    "||timesnownews.com/sw.js",
    [
      547455
    ]
  ],
  [
    "||ultimedia.com/js/common/notification.js",
    [
      547456
    ]
  ],
  [
    "||weather.com/*.MedalliaSurvey.",
    [
      547457
    ]
  ],
  [
    "||0564.ua/assets/d6ade384/js/alertsWidget.js",
    [
      547458
    ]
  ],
  [
    "||ad-hoc-news.de/js/push.js",
    [
      547459
    ]
  ],
  [
    "||agazeta.com.br/assets/javascript/notification.js",
    [
      547460
    ]
  ],
  [
    "||cnnindonesia.com/sw.js",
    [
      547461
    ]
  ],
  [
    "||dcnews.ro/sm-",
    [
      547462
    ]
  ],
  [
    "||elpais.com.uy/utms.js",
    [
      547463
    ]
  ],
  [
    "||flashscore.fr^*/build/notifications.",
    [
      547464
    ]
  ],
  [
    "||futura-sciences.com/clientscript/push.js",
    [
      547465
    ]
  ],
  [
    "||horoscope.fr/notifications/",
    [
      547466
    ]
  ],
  [
    "||metrobilbao.eus/firebase-messaging-sw.js",
    [
      547467
    ]
  ],
  [
    "||push.idowa.de^",
    [
      547468
    ]
  ],
  [
    "||push.neko-san.fr^",
    [
      547469
    ]
  ],
  [
    "||pushme.magellanotech.it^",
    [
      547470
    ]
  ],
  [
    "||tio.ch/js/api.push.js",
    [
      547471
    ]
  ],
  [
    "||tutto.tv/wp-content/plugins/plugin-notifiche-",
    [
      547472
    ]
  ],
  [
    "||uchubiz.com/wp-content/themes/uchubiz/assets/js/push.js",
    [
      547473
    ]
  ],
  [
    "||winnipegfreepress.com/firebase-messaging-sw.js",
    [
      547474
    ]
  ],
  [
    "||static.chrono24.com/lib/generated/js/app-hint-layer.",
    [
      547475
    ]
  ],
  [
    "||tapcart.com/mobile-download-banner/banner-min.js",
    [
      547476
    ]
  ],
  [
    "@@||bostonherald.com^*/webpush.js$script,~third-party",
    [
      547477
    ]
  ],
  [
    "@@||braze.com/api/$domain=deezer.com",
    [
      547478
    ]
  ],
  [
    "@@||forums.opera.com/assets/src/modules/notifications.js$~third-party",
    [
      547479
    ]
  ],
  [
    "@@||inevent.com/js/wizard/pushNotification.js$script,~third-party",
    [
      547480
    ]
  ],
  [
    "@@||learner.mycreds.ca/assets/js/modules/notifications.min.js$~third-party",
    [
      547481
    ]
  ],
  [
    "@@||ledevoir.com/js/web-push.js$script,~third-party",
    [
      547482
    ]
  ],
  [
    "@@||oakley.com^*/notifications.js$~third-party",
    [
      547483
    ]
  ],
  [
    "@@||paste.crdroid.net/assets/js/modules/notifications.js$script,~third-party",
    [
      547484
    ]
  ],
  [
    "@@||snrcdn.net/sdk/3.0/synerise-javascript-sdk.min.js$domain=komputronik.pl",
    [
      547485
    ]
  ],
  [
    "@@||st.mycdn.me/static/*/WebPush.js$script,domain=ok.ru",
    [
      547486
    ]
  ],
  [
    "@@||webpush.jp/js/browserpushv3.js$domain=zakzak.co.jp",
    [
      547487
    ]
  ],
  [
    "@@||anadolu.edu.tr/assets/js/jquery.smartbanner.js$~third-party",
    [
      547488
    ]
  ],
  [
    "@@||assure.ameli.fr^*/smart-app-banner.js$~third-party",
    [
      547489
    ]
  ],
  [
    "@@||mafia.ua/js/jquery.smartbanner.js$script,~third-party",
    [
      547490
    ]
  ],
  [
    "@@||mirage.ru/js/jquery.smartbanner.js$script,~third-party",
    [
      547491
    ]
  ]
]