[
  [
    "sleeknotestaticcontent.sleeknote.com",
    [
      1083987
    ]
  ],
  [
    "||js.driftt.com/include$script",
    [
      1083988
    ]
  ],
  [
    "||assets.ubembed.com/universal$script",
    [
      1083989
    ]
  ],
  [
    "||lightboxcdn.com/vendor$script",
    [
      1083990
    ]
  ],
  [
    "||mailocator.net/_/$script",
    [
      1083991
    ]
  ],
  [
    "cdn1.pdmntn.com",
    [
      1083992
    ]
  ],
  [
    "||static.mailerlite.com/js$script",
    [
      1083993
    ]
  ],
  [
    "||pmdstatic.net/bundle.php$script",
    [
      1083994
    ]
  ],
  [
    "||front.optimonk.com/public/$script",
    [
      1083995
    ]
  ],
  [
    "/wp-content/plugins/newsletter-leads",
    [
      1083996
    ]
  ],
  [
    "||downloads.mailchimp.com/js/signup-forms$script",
    [
      1083997
    ]
  ],
  [
    "||conduit.mailchimpapp.com/js/stores$script",
    [
      1083998
    ]
  ],
  [
    "||a.optmnstr.com/app/js/$script",
    [
      1083999
    ]
  ],
  [
    "||getsocial.io/client$script",
    [
      1084000
    ]
  ],
  [
    "||static.ctctcdn.com/js/signup-form-widget$script,domain=~centerforhealthsecurity.org",
    [
      1084001
    ]
  ],
  [
    "||cdn.justuno.com/mwgt$script",
    [
      1084002
    ]
  ],
  [
    "||a.mailmunch.co/app/$script",
    [
      1084003
    ]
  ],
  [
    "/newsletterPopup.js",
    [
      1084004
    ]
  ],
  [
    "/pmgnews/overlay/newsletter",
    [
      1084005
    ]
  ],
  [
    "||dotmailer-surveys.com/scripts/survey.js$script",
    [
      1084006
    ]
  ],
  [
    "||yieldify.com/yieldify/code.js$script",
    [
      1084007
    ]
  ],
  [
    "||widget.privy.com/assets/widget.js$script",
    [
      1084008
    ]
  ],
  [
    "sumo.b-cdn.net",
    [
      1084009
    ]
  ],
  [
    "||connect.nosto.com/include$script",
    [
      1084010
    ]
  ],
  [
    "||chimpstatic.com/mcjs-connected/js/users$script",
    [
      1084011
    ]
  ],
  [
    "||assets.pcrl.co/js/$script",
    [
      1084012
    ]
  ],
  [
    "/wp-content/plugins/email-subscribers/widget/es-widget-page.js",
    [
      1084013
    ]
  ],
  [
    "||youlead.pl/Scripts/Dynamic.js$script",
    [
      1084014
    ]
  ],
  [
    "||m8.mailplus.nl/genericservice$script",
    [
      1084015
    ]
  ],
  [
    "||restapi.mailplus.nl/integrationservice$script",
    [
      1084016
    ]
  ],
  [
    "||snrcdn.net/sdk/$script",
    [
      1084017
    ]
  ],
  [
    "||cdn.dynamicyield.com/api$script,domain=~haix.de|~bancofalabella.cl",
    [
      1084018
    ]
  ],
  [
    "||static.newsletter2go.com/utils.js$script",
    [
      1084019
    ]
  ],
  [
    "/widget/ecNewsletterPopup/*",
    [
      1084020
    ]
  ],
  [
    "||a.optmstr.com/app/js/$script",
    [
      1084021
    ]
  ],
  [
    "||api.autopilothq.com/anywhere/$script",
    [
      1084022
    ]
  ],
  [
    "||c.salecycle.com/osr/config$script",
    [
      1084023
    ]
  ],
  [
    "/wp-content/plugins/thrive-leads/*$domain=~itnator.net",
    [
      1084024
    ]
  ],
  [
    "/wp-content/plugins/bloom/*",
    [
      1084025
    ]
  ],
  [
    "||js.hsleadflows.net/leadflows.js$script",
    [
      1084026
    ]
  ],
  [
    "/clientlib-newsletter.js",
    [
      1084027
    ]
  ],
  [
    "||c.lytics.io/static/pathfora$script",
    [
      1084028
    ]
  ],
  [
    "email-signup-form-popup.js",
    [
      1084029
    ]
  ],
  [
    "||netpeak.cloud/source/js$script",
    [
      1084030
    ]
  ],
  [
    "||bunting.com/call$script",
    [
      1084031
    ]
  ],
  [
    "||cdn.connectif.cloud/cl1/client-script/$script",
    [
      1084032
    ]
  ],
  [
    "/essb-optin-booster.js",
    [
      1084033
    ]
  ],
  [
    "f.convertkit.com",
    [
      1084034
    ]
  ],
  [
    "api.morningcatch.net",
    [
      1084035
    ]
  ],
  [
    "||shopify.privy.com/widget.js$script",
    [
      1084036
    ]
  ],
  [
    "load.sumo.com",
    [
      1084037
    ]
  ],
  [
    "||cdn.listrakbi.com/scripts/script.js$script",
    [
      1084038
    ]
  ],
  [
    "/wp-content/plugins/dreamgrow-scroll-triggered-box/*",
    [
      1084039
    ]
  ],
  [
    "||d3bo67muzbfgtl.cloudfront.net/edrone$script",
    [
      1084040
    ]
  ],
  [
    "/newsletter_modals.min.",
    [
      1084041
    ]
  ],
  [
    "my.hellobar.com",
    [
      1084042
    ]
  ],
  [
    "||screenpopper.com/s-hub$script",
    [
      1084043
    ]
  ],
  [
    "||static.scarabresearch.com/wpjs$script",
    [
      1084044
    ]
  ],
  [
    "||cdn.swellrewards.com/loader$script",
    [
      1084045
    ]
  ],
  [
    "||lifterpopup.com/js/modal.js$script",
    [
      1084046
    ]
  ],
  [
    "||lpages.co/leadbox$script",
    [
      1084047
    ]
  ],
  [
    "||cdn.crall.io/t/client.js$script",
    [
      1084048
    ]
  ],
  [
    "||a.opmnstr.com/app/js/$script",
    [
      1084049
    ]
  ],
  [
    "||app2.salesmanago.pl/dynamic$script",
    [
      1084050
    ]
  ],
  [
    "||se.monetate.net/js/$script",
    [
      1084051
    ]
  ],
  [
    "||cdn.blueconic.net/hearst.js$script",
    [
      1084052
    ]
  ],
  [
    "/js/website/modal-newsletter~rc-module-newsletter",
    [
      1084053
    ]
  ],
  [
    "||cdn.omniconvert.com/js$script",
    [
      1084054
    ]
  ],
  [
    "||cdn.omniconvert.com/async/js$script",
    [
      1084055
    ]
  ],
  [
    "/frosmo.easy.js",
    [
      1084056
    ]
  ],
  [
    "||static-sb.com/js/sb-tracker.js$script",
    [
      1084057
    ]
  ],
  [
    "||mailmojo.no/sdk.js$script",
    [
      1084058
    ]
  ],
  [
    "/wp-content/popupally-pro-scripts",
    [
      1084059
    ]
  ],
  [
    "||media-inea.ipresso.pl/monitoridentification$script",
    [
      1084060
    ]
  ],
  [
    "/wp-content/plugins/mailoptin/*",
    [
      1084061
    ]
  ],
  [
    "||a.optnmnstr.com/app/js/$script",
    [
      1084062
    ]
  ],
  [
    "||static.popmechanic.ru/service/loader.js$script",
    [
      1084063
    ]
  ],
  [
    "static.zotabox.com",
    [
      1084064
    ]
  ],
  [
    "||marketbeat.com/scripts/modal/affiliatepopup.js$script",
    [
      1084065
    ]
  ],
  [
    "||widget.pico.tools/static/js/bundle.js$script",
    [
      1084066
    ]
  ],
  [
    "||powr.io/powr.js$script",
    [
      1084067
    ]
  ],
  [
    "/wp-content/plugins/layered-popups/*",
    [
      1084068
    ]
  ],
  [
    "/wp-content/plugins/mailchimp-for-wp/*",
    [
      1084069
    ]
  ],
  [
    "||bounceexchange.com/tag$script",
    [
      1084070
    ]
  ],
  [
    "tag.bounceexchange.com",
    [
      1084071
    ]
  ],
  [
    "||leadpages.net/leadboxes/current$script",
    [
      1084072
    ]
  ],
  [
    "||flodesk.com/universal$script",
    [
      1084073
    ]
  ],
  [
    "||activehosted.com/f/embed.php$script,domain=~renegade.global",
    [
      1084074
    ]
  ],
  [
    "/wp-content/plugins/99robots-optin-fire/*",
    [
      1084075
    ]
  ],
  [
    "||getresponse.com/view_webform$script",
    [
      1084076
    ]
  ],
  [
    "/gr-popups$script",
    [
      1084077
    ]
  ],
  [
    "||get.exitintel.com/load.js$script",
    [
      1084078
    ]
  ],
  [
    "/popup-by-supsystic/*",
    [
      1084079
    ]
  ],
  [
    "||cdn.jst.ai/mwgt$script",
    [
      1084080
    ]
  ],
  [
    "||milotree.com/container$script",
    [
      1084081
    ]
  ],
  [
    "/zaius-min.js",
    [
      1084082
    ]
  ],
  [
    "/wp-content/plugins/convertplug/*$~image",
    [
      1084083
    ]
  ],
  [
    "/wp-content/plugins/optin-monster/*",
    [
      1084084
    ]
  ],
  [
    ".wisepops.com/get-loader.js",
    [
      1084085
    ]
  ],
  [
    "api.exponea.com",
    [
      1084086
    ]
  ],
  [
    "/ouibounce.min.js",
    [
      1084087
    ]
  ],
  [
    "||bluecore.com/triggermail$script",
    [
      1084088
    ]
  ],
  [
    "||cloudiq.com/tag$script",
    [
      1084089
    ]
  ],
  [
    "||leadpages.net/leadbars/current/embed.js$script",
    [
      1084090
    ]
  ],
  [
    "||s.sloyalty.com/site_media$script",
    [
      1084091
    ]
  ],
  [
    "||klaviyo.com/onsite/js/vendors~signupForms$script",
    [
      1084092
    ]
  ],
  [
    "/vidstore-popups/assets/public/js/newsletter.min.js",
    [
      1084093
    ]
  ],
  [
    "||app-abd.marketo.com/js$script",
    [
      1084094
    ]
  ],
  [
    "||omappapi.com/app$script",
    [
      1084095
    ]
  ],
  [
    "tag.getdrip.com",
    [
      1084096
    ]
  ],
  [
    "||zoho.com/js/optin$script",
    [
      1084097
    ]
  ],
  [
    "/entries?content_type=staticContentBlock&fields.id=email-capture",
    [
      1084098
    ]
  ],
  [
    "||cloud-iq.com/cartrecovery/store.js$script",
    [
      1084099
    ]
  ],
  [
    "/axnewsletter.js",
    [
      1084100
    ]
  ],
  [
    "/wp-content/plugins/popupally",
    [
      1084101
    ]
  ],
  [
    "api.omappapi.com",
    [
      1084102
    ]
  ],
  [
    "/email-capture/email-capture-",
    [
      1084103
    ]
  ],
  [
    "||californiatimes.com/newsletter-campaign-manager$script",
    [
      1084104
    ]
  ],
  [
    "||quitsnap-blue.com/js/os_engine.js$script",
    [
      1084105
    ]
  ],
  [
    "/wp-content/plugins/convertpro/*",
    [
      1084106
    ]
  ],
  [
    "/wp-content/plugins/optin-revolution/*",
    [
      1084107
    ]
  ],
  [
    "||addthis.com/js/300/addthis_widget.js$script",
    [
      1084108
    ]
  ],
  [
    "api-cis.exponea.com",
    [
      1084109
    ]
  ],
  [
    "||api.traq.li/public/sdk$script",
    [
      1084110
    ]
  ],
  [
    "tracking.retargeting.biz",
    [
      1084111
    ]
  ],
  [
    "ping.contactpigeon.com",
    [
      1084112
    ]
  ],
  [
    "/newsletter-invite.js",
    [
      1084113
    ]
  ],
  [
    "/Action-Subscribe-2019.js",
    [
      1084114
    ]
  ],
  [
    "||convertbox.com/convertbox$script",
    [
      1084115
    ]
  ],
  [
    "||birdsend.co/assets/static/js/pixel/main.js$script",
    [
      1084116
    ]
  ],
  [
    "||hd.koloo.net/oo.js$script",
    [
      1084117
    ]
  ],
  [
    "||receiptful.com/scripts/shopify.js$script",
    [
      1084118
    ]
  ],
  [
    "t2.netsalesmedia.pl",
    [
      1084119
    ]
  ],
  [
    "content.govdelivery.com",
    [
      1084120
    ]
  ],
  [
    "api.pushnami.com",
    [
      1084121
    ]
  ],
  [
    "/js/deploy/syndicated-newsletter",
    [
      1084122
    ]
  ],
  [
    "||klaviyo.com/onsite/js/signup_forms$script,domain=~ufpro.com|~worldwidestereo.com|~salada.com",
    [
      1084123
    ]
  ],
  [
    "popup.popupsmart.com",
    [
      1084124
    ]
  ],
  [
    "/mol-fe-newsletter-popup/*",
    [
      1084125
    ]
  ],
  [
    "cdn.popt.in",
    [
      1084126
    ]
  ],
  [
    "||data.whizeo.com/widgets$script",
    [
      1084127
    ]
  ],
  [
    "||securedvisit.com/js/sv.js$script",
    [
      1084128
    ]
  ],
  [
    "||dev.visualwebsiteoptimizer.com/j.php$script",
    [
      1084129
    ]
  ],
  [
    "||convertkitqa.com/ckjs$script",
    [
      1084130
    ]
  ],
  [
    "||bounceexchange.com/assets/smart-tag$script",
    [
      1084131
    ]
  ],
  [
    "||adoric-om.com/adoric.js$script",
    [
      1084132
    ]
  ],
  [
    "/wp-content/plugins/woo-coupon-box/*",
    [
      1084133
    ]
  ],
  [
    "forms.convertkit.com",
    [
      1084134
    ]
  ],
  [
    "||convertkit.com/assets^$third-party",
    [
      1084135
    ]
  ],
  [
    "||sdks.automizely.com/conversions$script",
    [
      1084136
    ]
  ],
  [
    "cdn.attn.tv",
    [
      1084137
    ]
  ],
  [
    "||cdn.threadloom.com/ga$script",
    [
      1084138
    ]
  ],
  [
    "/js/website/modal-newsletter",
    [
      1084139
    ]
  ],
  [
    "/exponea.min.js",
    [
      1084140
    ]
  ],
  [
    "||newell.evergage.com/beacon$script",
    [
      1084141
    ]
  ],
  [
    "/evergage.min.js",
    [
      1084142
    ]
  ],
  [
    "/klaviyo_subscribe.js",
    [
      1084143
    ]
  ],
  [
    "||mailcampaigns.nl/interface/popup$script",
    [
      1084144
    ]
  ],
  [
    "/next-gen/dist/NewsletterPopup",
    [
      1084145
    ]
  ],
  [
    "forms.smsbump.com",
    [
      1084146
    ]
  ],
  [
    "/mod_motivatingcoupon/facebox/*",
    [
      1084147
    ]
  ],
  [
    "||static.redeal.se/widget/js/redeal.js$script",
    [
      1084148
    ]
  ],
  [
    "||cdn.optinly.net$third-party",
    [
      1084149
    ]
  ],
  [
    "/rg_smartpopup/*",
    [
      1084150
    ]
  ],
  [
    "/alert/email_subscribe/*",
    [
      1084151
    ]
  ],
  [
    "/arengu-newsletter.js",
    [
      1084152
    ]
  ],
  [
    "/popup-newsletter-$script",
    [
      1084153
    ]
  ],
  [
    "||assets.mailerlite.com^$script",
    [
      1084154
    ]
  ],
  [
    "/ps_emailsubscription.js",
    [
      1084155
    ]
  ],
  [
    "||embedded.wishpondpages.com$third-party,subdocument",
    [
      1084156
    ]
  ],
  [
    "/hs-web-interactive-$third-party,subdocument",
    [
      1084157
    ]
  ],
  [
    "/ht_newsletterpopup",
    [
      1084158
    ]
  ],
  [
    "/avada-popup.min.js",
    [
      1084159
    ]
  ],
  [
    "||connectif.cloud^$third-party",
    [
      1084160
    ]
  ],
  [
    "||tr.vitals.co^$third-party",
    [
      1084161
    ]
  ],
  [
    "||optimove.net^$third-party",
    [
      1084162
    ]
  ],
  [
    "||sail-horizon.com^$third-party",
    [
      1084163
    ]
  ],
  [
    "/assets/section-mailing-popup.",
    [
      1084164
    ]
  ],
  [
    "/kadence-conversions.",
    [
      1084165
    ]
  ],
  [
    "||postscript.io^$third-party",
    [
      1084166
    ]
  ],
  [
    "||getsitecontrol.com^$third-party",
    [
      1084167
    ]
  ],
  [
    "NotificationDisclaimerControl.js$domain=vontobel.com",
    [
      1084168
    ]
  ],
  [
    "list-builder.js$domain=wanderlust.co.uk",
    [
      1084169
    ]
  ],
  [
    "/amd_modules/newsletter-hover$domain=webmd.com",
    [
      1084170
    ]
  ],
  [
    "/politica-privacidade/lightbox$domain=toysrus.pt",
    [
      1084171
    ]
  ],
  [
    "/opentag-$domain=jet2.com",
    [
      1084172
    ]
  ],
  [
    "global-lightbox.js$domain=drschollsshoes.com",
    [
      1084173
    ]
  ],
  [
    "/wpp-popup-frontend.js$domain=globalvoices.org",
    [
      1084174
    ]
  ],
  [
    "/email.js$domain=tp-link.com",
    [
      1084175
    ]
  ],
  [
    "||ibt-mail.com/view_webform$script,domain=ibtimes.com",
    [
      1084176
    ]
  ],
  [
    "/lightboxform.js$domain=tips.net",
    [
      1084177
    ]
  ],
  [
    "/esm.js$domain=yamahamotorsports.com",
    [
      1084178
    ]
  ],
  [
    "/aiosp-jsonp.js$domain=kleren.com",
    [
      1084179
    ]
  ],
  [
    "/vol-modal/*$domain=thepaintstore.com",
    [
      1084180
    ]
  ],
  [
    "||imimg.com/js/reqForms.min.js$script,domain=indiamart.com",
    [
      1084181
    ]
  ],
  [
    "try.abtasty.com$domain=leparisien.fr",
    [
      1084182
    ]
  ],
  [
    "/Action-Subscribe$domain=naturalnews.com",
    [
      1084183
    ]
  ],
  [
    "/sharing/popover.js$domain=mymemory.co.uk",
    [
      1084184
    ]
  ],
  [
    "/popup/tsr$domain=superyachtnews.com",
    [
      1084185
    ]
  ],
  [
    "/simpleSignupManager.chunk.js$domain=manning.com",
    [
      1084186
    ]
  ],
  [
    "cdn-promote.weebly.com$domain=weebly.com",
    [
      1084187
    ]
  ],
  [
    "/acquisition-tag.js$domain=latribune.fr",
    [
      1084188
    ]
  ],
  [
    "/pharmapopin/*$domain=pharmasimple.com",
    [
      1084189
    ]
  ],
  [
    "/crm.js$domain=fujifilm-x.com",
    [
      1084190
    ]
  ],
  [
    "/sven_daspopup/*$domain=adler-farbenmeister.com",
    [
      1084191
    ]
  ],
  [
    "/PopupNewsletter/GetLayer$domain=yoox.com",
    [
      1084192
    ]
  ],
  [
    "/emailcollection/*$domain=motorsport.com",
    [
      1084193
    ]
  ],
  [
    "/popoverv2.js*$domain=britishcornershop.co.uk",
    [
      1084194
    ]
  ],
  [
    "/fp-web-flyout-widget.min.js^$domain=getfirepush.com",
    [
      1084195
    ]
  ],
  [
    "/tingle.$domain=arcade1up.com",
    [
      1084196
    ]
  ],
  [
    "||tinypass.com/api/tinypass.min.js^$domain=technologyreview.com",
    [
      1084197
    ]
  ],
  [
    "/SysConsentComponent.js$domain=netpeak.net",
    [
      1084198
    ]
  ],
  [
    "||cdn.p-n.io/pushly$script",
    [
      1084199
    ]
  ],
  [
    "||app3.emlgrid.com/static/sm.js$script",
    [
      1084200
    ]
  ],
  [
    "webpush-desktop.chunk.js",
    [
      1084201
    ]
  ],
  [
    "||push4site.com/Static/Script/$script",
    [
      1084202
    ]
  ],
  [
    "cdn.ghostmonitor.com",
    [
      1084203
    ]
  ],
  [
    "notify.hindustantimes.com",
    [
      1084204
    ]
  ],
  [
    "webpush.interia.pl",
    [
      1084205
    ]
  ],
  [
    ".izooto.com/scripts",
    [
      1084206
    ]
  ],
  [
    "js.pusher.com$domain=~itv.com|~lickd.co|~foliohd.com",
    [
      1084207
    ]
  ],
  [
    "||push-ad.com/integration.php$script",
    [
      1084208
    ]
  ],
  [
    "||cdn.pushassist.com/account/assets/$script",
    [
      1084209
    ]
  ],
  [
    "||gadgets.ndtv.com/static/desktop/js/notification_popup-min.js$script",
    [
      1084210
    ]
  ],
  [
    "pusherism.com",
    [
      1084211
    ]
  ],
  [
    "pushnest.com",
    [
      1084212
    ]
  ],
  [
    "||getpushmonkey.com/sdk/config$script",
    [
      1084213
    ]
  ],
  [
    "||cdn.onesignal.com/sdks$script",
    [
      1084214
    ]
  ],
  [
    "||pushpushgo.com/js$script",
    [
      1084215
    ]
  ],
  [
    "cdn.sendpulse.com$domain=~movie4k.eu",
    [
      1084216
    ]
  ],
  [
    "||salesmanago.pl/static/sm.js$script",
    [
      1084217
    ]
  ],
  [
    "cdn.pushcrew.com",
    [
      1084218
    ]
  ],
  [
    "/streamlined-push-plugin.production.min.js",
    [
      1084219
    ]
  ],
  [
    "app.push-ad.com",
    [
      1084220
    ]
  ],
  [
    "/pushnotification/service-worker-script.js",
    [
      1084221
    ]
  ],
  [
    "/sp-push-worker.js",
    [
      1084222
    ]
  ],
  [
    "95p5qep4aq.com",
    [
      1084223
    ]
  ],
  [
    "||snrcdn.net/sdk/$script",
    [
      1084224
    ]
  ],
  [
    "via.batch.com",
    [
      1084225
    ]
  ],
  [
    "||wonderpush.com/sdk/$script",
    [
      1084226
    ]
  ],
  [
    "clientcdn.pushengage.com",
    [
      1084227
    ]
  ],
  [
    "||web-sdk.urbanairship.com/notify/$script",
    [
      1084228
    ]
  ],
  [
    "api.sociaplus.com",
    [
      1084229
    ]
  ],
  [
    "/plugins/tmx-push/*",
    [
      1084230
    ]
  ],
  [
    "/firebase-messaging.js$domain=~dn.pt|~jn.pt",
    [
      1084231
    ]
  ],
  [
    "pushno.com",
    [
      1084232
    ]
  ],
  [
    "pushwhy.com",
    [
      1084233
    ]
  ],
  [
    "pushame.com",
    [
      1084234
    ]
  ],
  [
    "||voirfilms.ws/sw.js$script",
    [
      1084235
    ]
  ],
  [
    "||siteswithcontent.com/js/push$script",
    [
      1084236
    ]
  ],
  [
    "||cdn.moengage.com/webpush$script",
    [
      1084237
    ]
  ],
  [
    "||brandflow.net/static/general/push-init-code.js$script",
    [
      1084238
    ]
  ],
  [
    "||cleverpush.com/channel/loader$script",
    [
      1084239
    ]
  ],
  [
    "||static.getback.ch/clients$script",
    [
      1084240
    ]
  ],
  [
    "/PushNotifications.",
    [
      1084241
    ]
  ],
  [
    "cdn.pushowl.com",
    [
      1084242
    ]
  ],
  [
    "||accengage.net/pushweb/$script",
    [
      1084243
    ]
  ],
  [
    "||cdn.foxpush.net/sdk/foxpush_SDK$script",
    [
      1084244
    ]
  ],
  [
    "||js.appboycdn.com/web-sdk/$script",
    [
      1084245
    ]
  ],
  [
    "||cdn.taboola.com/libtrc/tmg-network/loader.js$script",
    [
      1084246
    ]
  ],
  [
    "/js/push_subscription.js",
    [
      1084247
    ]
  ],
  [
    "||pushwoosh.com/webpush$script",
    [
      1084248
    ]
  ],
  [
    "push_service-worker.js",
    [
      1084249
    ]
  ],
  [
    "0_ghpush_client.js",
    [
      1084250
    ]
  ],
  [
    "||pastoupt.com/ntfc.php$script",
    [
      1084251
    ]
  ],
  [
    "||pushsar.com/ntfc.php$script",
    [
      1084252
    ]
  ],
  [
    "sdk.jeeng.com",
    [
      1084253
    ]
  ],
  [
    "||d3bo67muzbfgtl.cloudfront.net/edrone$script",
    [
      1084254
    ]
  ],
  [
    "||admessage.support/system_domain.js$script",
    [
      1084255
    ]
  ],
  [
    "/push/js/sdk/insider-push-native-sdk.js",
    [
      1084256
    ]
  ],
  [
    "pharance.com",
    [
      1084257
    ]
  ],
  [
    "||pushance.com/ntfc.php$script",
    [
      1084258
    ]
  ],
  [
    "||tattepush.com/push.js$script",
    [
      1084259
    ]
  ],
  [
    ".contentsitesrv.com/js/push",
    [
      1084260
    ]
  ],
  [
    "||jattepush.com/push.js$script",
    [
      1084261
    ]
  ],
  [
    "||pushanert.com/ntfc.php$script",
    [
      1084262
    ]
  ],
  [
    "/web-push/init.min.js$domain=~finanzen.ch|~finanzen.net|~finanzen.at",
    [
      1084263
    ]
  ],
  [
    "||aimtell.com/trackpush/trackpush.min.js$script",
    [
      1084264
    ]
  ],
  [
    "||hmcfront.akamaized.net/hd/extra/assets/www/notification.$script",
    [
      1084265
    ]
  ],
  [
    "/webpush.js",
    [
      1084266
    ]
  ],
  [
    "||youlead.pl/ylwebpush.js$script",
    [
      1084267
    ]
  ],
  [
    "push.delivery.ethinking.de",
    [
      1084268
    ]
  ],
  [
    "/web-push.js",
    [
      1084269
    ]
  ],
  [
    "||freeclick.me/?pu=$script",
    [
      1084270
    ]
  ],
  [
    "||cdn.pushalert.co/integrate$script",
    [
      1084271
    ]
  ],
  [
    "||cdn.gravitec.net/storage$script",
    [
      1084272
    ]
  ],
  [
    ".izooto.com/optin",
    [
      1084273
    ]
  ],
  [
    "cdn.qgraph.io",
    [
      1084274
    ]
  ],
  [
    "sw.wpush.org",
    [
      1084275
    ]
  ],
  [
    "||cdn.pn.vg/c/ig/pushnews.min.js$script",
    [
      1084276
    ]
  ],
  [
    "||subscribers.com/assets/subscribers.js$script",
    [
      1084277
    ]
  ],
  [
    "/webpush-loader.js",
    [
      1084278
    ]
  ],
  [
    "app.wigzo.com",
    [
      1084279
    ]
  ],
  [
    "app.getbeamer.com",
    [
      1084280
    ]
  ],
  [
    "api.signalize.com",
    [
      1084281
    ]
  ],
  [
    "cdn.letreach.com",
    [
      1084282
    ]
  ],
  [
    "gg.faromen.online",
    [
      1084283
    ]
  ],
  [
    "/js/webpushr.app",
    [
      1084284
    ]
  ],
  [
    "||pushwoosh.com/json$script",
    [
      1084285
    ]
  ],
  [
    "||pushpushgo.com/scripts$script",
    [
      1084286
    ]
  ],
  [
    "||hrbpark.bid/pushJs$script",
    [
      1084287
    ]
  ],
  [
    "||webpushs.com/js/push$script",
    [
      1084288
    ]
  ],
  [
    "wwopenclick.space",
    [
      1084289
    ]
  ],
  [
    "iss.shopimind.com",
    [
      1084290
    ]
  ],
  [
    "||cdn.pn.vg/push$script",
    [
      1084291
    ]
  ],
  [
    "/webpush-production.js",
    [
      1084292
    ]
  ],
  [
    "cdn.notifyvisitors.com",
    [
      1084293
    ]
  ],
  [
    "||cdn.webpushr.com/app$script",
    [
      1084294
    ]
  ],
  [
    "t2.netsalesmedia.pl",
    [
      1084295
    ]
  ],
  [
    "api.pushnami.com",
    [
      1084296
    ]
  ],
  [
    "/OneSignalSDK",
    [
      1084297
    ]
  ],
  [
    "||aswpsdkus.com/notify$script",
    [
      1084298
    ]
  ],
  [
    "/web-push-notification.js",
    [
      1084299
    ]
  ],
  [
    "/nano-webpush-ui",
    [
      1084300
    ]
  ],
  [
    "cdn.pushmaster-cdn.xyz",
    [
      1084301
    ]
  ],
  [
    "cdn.netmera-web.com",
    [
      1084302
    ]
  ],
  [
    "/smio-push-notification/*",
    [
      1084303
    ]
  ],
  [
    "/BildirtSDKfiles.js",
    [
      1084304
    ]
  ],
  [
    "cdn.onepush.app",
    [
      1084305
    ]
  ],
  [
    "||truepush.com/sdk$script",
    [
      1084306
    ]
  ],
  [
    "||assets.emarsys.net/web-emarsys-sdk/*$script",
    [
      1084307
    ]
  ],
  [
    "||notifpush.com/scripts$script",
    [
      1084308
    ]
  ],
  [
    "||js.smct.io/*/notifications*$script",
    [
      1084309
    ]
  ],
  [
    "push/push*$script",
    [
      1084310
    ]
  ],
  [
    "||pushwoosh.com^",
    [
      1084311
    ]
  ],
  [
    "/pushnotifications^",
    [
      1084312
    ]
  ],
  [
    "||sendsay.ru/backend/push/*",
    [
      1084313
    ]
  ],
  [
    "/social_push_notifications/*",
    [
      1084314
    ]
  ],
  [
    "||pushpanda.io^$third-party",
    [
      1084315
    ]
  ],
  [
    "||potisni.me/js/enable-push.js$third-party",
    [
      1084316
    ]
  ],
  [
    "/_pushAllow.js",
    [
      1084317
    ]
  ],
  [
    "/clevertap.min.js",
    [
      1084318
    ]
  ],
  [
    "plugins/tfnotifier-wp/*",
    [
      1084319
    ]
  ],
  [
    "messaging/webpush*",
    [
      1084320
    ]
  ],
  [
    "/service-webpush-firebase.js",
    [
      1084321
    ]
  ],
  [
    "/js/push.js",
    [
      1084322
    ]
  ],
  [
    "/notification.*.js$domain=~qudosbank.com.au|~myhealth.va.gov",
    [
      1084323
    ]
  ],
  [
    "||notix.io^$third-party",
    [
      1084324
    ]
  ],
  [
    "||pushouse.com^$third-party",
    [
      1084325
    ]
  ],
  [
    "||yottlyscript.com/push/*",
    [
      1084326
    ]
  ],
  [
    "/wzrk_dialog.min.js",
    [
      1084327
    ]
  ],
  [
    "||gr-cdn-e.eu/*/push-notification^$script",
    [
      1084328
    ]
  ],
  [
    "||dengage.com^$third-party",
    [
      1084329
    ]
  ],
  [
    "/sw.js$domain=pinterest.com",
    [
      1084330
    ]
  ],
  [
    "/public/spartanien/js/sw_handler$domain=spartanien.de",
    [
      1084331
    ]
  ],
  [
    "/pushes/notification.js$domain=rt.com",
    [
      1084332
    ]
  ],
  [
    "/js/subscriber$domain=mitula.pt",
    [
      1084333
    ]
  ],
  [
    "/firebase.js$domain=alibaba.com",
    [
      1084334
    ]
  ],
  [
    "/sw.js$domain=1337x.is",
    [
      1084335
    ]
  ],
  [
    "/sw.js$domain=1337x.to",
    [
      1084336
    ]
  ],
  [
    "push-main.js$domain=ndtv.com",
    [
      1084337
    ]
  ],
  [
    "/js/adNotice.js$domain=hardwarezone.com.sg",
    [
      1084338
    ]
  ],
  [
    "/push/*$domain=tut.by",
    [
      1084339
    ]
  ],
  [
    "/firebase.min.js$domain=azoresgetaways.com",
    [
      1084340
    ]
  ],
  [
    "/firebase.js$domain=tribunavalladolid.com",
    [
      1084341
    ]
  ],
  [
    "client-.js$domain=hoerbuch.us",
    [
      1084342
    ]
  ],
  [
    "/js/a.js$domain=allevents.in",
    [
      1084343
    ]
  ],
  [
    "notifi.min.js$domain=antyradio.pl",
    [
      1084344
    ]
  ],
  [
    "/app.js$domain=lightinthebox.com",
    [
      1084345
    ]
  ],
  [
    "/min/js/sw/*$domain=sputniknews.com",
    [
      1084346
    ]
  ],
  [
    "/clientt.js$domain=cript.to",
    [
      1084347
    ]
  ],
  [
    "wsNotification.js$domain=wondershare.com",
    [
      1084348
    ]
  ],
  [
    "||tags.tiqcdn.com/utag$script,domain=national-lottery.co.uk",
    [
      1084349
    ]
  ],
  [
    "/notification-topics.js^$domain=winnipegfreepress.com",
    [
      1084350
    ]
  ],
  [
    "nebula-cdn.kampyle.com",
    [
      1084351
    ]
  ],
  [
    "||turbo.qualaroo.com/c.js$script",
    [
      1084352
    ]
  ],
  [
    "||scripts.psyma.com/layer_question$script",
    [
      1084353
    ]
  ],
  [
    "w.usabilla.com",
    [
      1084354
    ]
  ],
  [
    "||static.hotjar.com/c/hotjar$script",
    [
      1084355
    ]
  ],
  [
    "||scripts.psyma.com/html/layer/json_question.php$script",
    [
      1084356
    ]
  ],
  [
    "||visualwebsiteoptimizer.com/va_survey$script",
    [
      1084357
    ]
  ],
  [
    "gateway.answerscloud.com",
    [
      1084358
    ]
  ],
  [
    "st.getsitecontrol.com",
    [
      1084359
    ]
  ],
  [
    "||survey.g.doubleclick.net/survey$script",
    [
      1084360
    ]
  ],
  [
    "/opiniac.js",
    [
      1084361
    ]
  ],
  [
    "||ssl.ceneo.pl/shops/$script",
    [
      1084362
    ]
  ],
  [
    "||cloud.netquest.sk/scripts/widget$script",
    [
      1084363
    ]
  ],
  [
    "||storage.googleapis.com/outfox/ocs/surveys/$script",
    [
      1084364
    ]
  ],
  [
    "||kameleoon.eu/kameleoon.js$script",
    [
      1084365
    ]
  ],
  [
    "||invitation.opinionbar.com/wit/popups$script",
    [
      1084366
    ]
  ],
  [
    "||neads.delivery/opinion-seed-embed.js$script",
    [
      1084367
    ]
  ],
  [
    "||collect.mopinion.com/assets/surveys/$script",
    [
      1084368
    ]
  ],
  [
    "/runtimejs/dist/survey/js/survey.js$domain=~alchemer.eu",
    [
      1084369
    ]
  ],
  [
    "||surveygizmobeacon.s3.amazonaws.com/beaconconfigs/$script",
    [
      1084370
    ]
  ],
  [
    "||cpx.smind.hr/Log/LogData$script",
    [
      1084371
    ]
  ],
  [
    "||widget.surveymonkey.com/collect$script,domain=~onboarding.italki.com",
    [
      1084372
    ]
  ],
  [
    "||cdn.feedbackify.com/f.js$script",
    [
      1084373
    ]
  ],
  [
    "||invitation.opinionbar.com/popups$script",
    [
      1084374
    ]
  ],
  [
    "/bundles/Scripts/OpinionLab.js",
    [
      1084375
    ]
  ],
  [
    "||survey.nuggad.net/c/layer-html$script",
    [
      1084376
    ]
  ],
  [
    "||ips-invite.iperceptions.com/invitations$script",
    [
      1084377
    ]
  ],
  [
    "/oo_engine.min.js",
    [
      1084378
    ]
  ],
  [
    "||userzoom.com/feedback$script",
    [
      1084379
    ]
  ],
  [
    "||invite.leanlab.co/invite/invite.js$script",
    [
      1084380
    ]
  ],
  [
    "||userreport.com/newsquest/launcher.js$script",
    [
      1084381
    ]
  ],
  [
    "siteintercept.qualtrics.com",
    [
      1084382
    ]
  ],
  [
    "||sandsiv.com/digi_runner.js?surveyId$script",
    [
      1084383
    ]
  ],
  [
    "||digitalfeedback.euro.confirmit.com/api$script",
    [
      1084384
    ]
  ],
  [
    "||taskanalytics.com/tm.js$script",
    [
      1084385
    ]
  ],
  [
    "popup.designtutkimus.fi",
    [
      1084386
    ]
  ],
  [
    "||guitaretab.com/static/js/hats$script",
    [
      1084387
    ]
  ],
  [
    "/v1/survey_invite.min.js",
    [
      1084388
    ]
  ],
  [
    "||app.alpheid.com/js/marketing_automation$script",
    [
      1084389
    ]
  ],
  [
    "||siteimproveanalytics.com/js/siteanalyze$script",
    [
      1084390
    ]
  ],
  [
    "||cdn.judge.me/shopify_v2.js$script",
    [
      1084391
    ]
  ],
  [
    "||static.yourcx.io/customers$script",
    [
      1084392
    ]
  ],
  [
    "||webankieta.pl/scripts/widget$script",
    [
      1084393
    ]
  ],
  [
    "popin.survey-xact.dk",
    [
      1084394
    ]
  ],
  [
    "||myaudience.de/sv/rifflejs.php$script",
    [
      1084395
    ]
  ],
  [
    "||survey.survicate.com/workspaces$script",
    [
      1084396
    ]
  ],
  [
    "||tryinteract.com/promotions/init.js$script",
    [
      1084397
    ]
  ],
  [
    "||scripts.psyma.com/scripts$script",
    [
      1084398
    ]
  ],
  [
    "||surveygizmo.eu/runtimejs/intercept$script",
    [
      1084399
    ]
  ],
  [
    "widgets.opinary.com",
    [
      1084400
    ]
  ],
  [
    "||uxfeedback.ru/widget.js$script",
    [
      1084401
    ]
  ],
  [
    "||e-satisfaction.com/dist/js/integration$script",
    [
      1084402
    ]
  ],
  [
    "||gateway.foresee.com$third-party",
    [
      1084403
    ]
  ],
  [
    "/vendor/opinionlab/*$domain=lenovo.com",
    [
      1084404
    ]
  ],
  [
    "survey.js$domain=medier24.no",
    [
      1084405
    ]
  ],
  [
    "/components-nps-survey$domain=spanishdict.com",
    [
      1084406
    ]
  ],
  [
    "ExitIntentModal.js$domain=stepstone.de",
    [
      1084407
    ]
  ],
  [
    "/surveys/*$domain=europa.eu",
    [
      1084408
    ]
  ],
  [
    "||visitor.reactful.com/dist/main$script",
    [
      1084409
    ]
  ],
  [
    "/popup/puppy.js$domain=sueddeutsche.de",
    [
      1084410
    ]
  ],
  [
    "||userreport.com/aperitif/launcher.js",
    [
      1084411
    ]
  ],
  [
    "||apps.veedio.it/js/videobox$script",
    [
      1084412
    ]
  ],
  [
    "/responsive-player/video-feature-sticky.js",
    [
      1084413
    ]
  ],
  [
    "||s-pt.ppstatic.pl/p/js/regionalne/plywajace_wideo.js$script",
    [
      1084414
    ]
  ],
  [
    "/js/compiled/atoms/article/sticky-video.js",
    [
      1084415
    ]
  ],
  [
    "||sdk.digitalbees.it/jssdk.js$script",
    [
      1084416
    ]
  ],
  [
    "||live.sekindo.com/live/liveView.php$script",
    [
      1084417
    ]
  ],
  [
    "||c.jsrdn.com/s/cs.js$script",
    [
      1084418
    ]
  ],
  [
    "||playwire.com/plugins/docky.min.js$script",
    [
      1084419
    ]
  ],
  [
    "||cdn.connatix.com/min/connatix.renderer.infeed.min.js$script",
    [
      1084420
    ]
  ],
  [
    "||ultimedia.com/api/widget/smart$script",
    [
      1084421
    ]
  ],
  [
    "||stream.playbuzz.com/embed/sdk.js$script",
    [
      1084422
    ]
  ],
  [
    "||delivery.youplay.se/load.js$script",
    [
      1084423
    ]
  ],
  [
    "embed.sendtonews.com",
    [
      1084424
    ]
  ],
  [
    "/wp-content/plugins/pmc-plugins/pmc-adm/*",
    [
      1084425
    ]
  ],
  [
    "||services.brid.tv/player$script",
    [
      1084426
    ]
  ],
  [
    "||mgid.com/js/wglibs/mgWidget$script",
    [
      1084427
    ]
  ],
  [
    "/stn-player.js$domain=titantv.com",
    [
      1084428
    ]
  ],
  [
    "||vplayer.enthusiastgaming.com/player/build/plugins/slideinview/*",
    [
      1084429
    ]
  ],
  [
    "/mol-adverts-delayed.js$domain=dailymail.co.uk",
    [
      1084430
    ]
  ],
  [
    "/twocol_article_autoplay/*$domain=belfasttelegraph.co.uk",
    [
      1084431
    ]
  ],
  [
    "players.brightcove.net$domain=uproxx.com",
    [
      1084432
    ]
  ],
  [
    "/coronaWidget5/*$domain=ibtimes.sg",
    [
      1084433
    ]
  ]
]